[    0.000000] [      T0] Linux version 6.16.0-rc2-nolto-00024-g9afe652958c3 (calvinow@beethoven) (clang version 20.1.7 (https://github.com/llvm/llvm-project.git 6146a88f60492b520a36f8f8f3231e15f3cc6082), LLD 20.1.7 (https://github.com/llvm/llvm-project.git 6146a88f60492b520a36f8f8f3231e15f3cc6082)) #1 SMP PREEMPT Tue Jun 17 12:25:09 PDT 2025
[    0.000000] [      T0] Command line: BOOT_IMAGE=/vmlinuz-6.16.0-rc2-nolto-00024-g9afe652958c3 root=UUID=262b03ae-42eb-4a97-bd18-b0ed57138838 ro rootflags=subvol=@rootfs quiet
[    0.000000] [      T0] x86/split lock detection: #DB: warning on user-space bus_locks
[    0.000000] [      T0] BIOS-provided physical RAM map:
[    0.000000] [      T0] BIOS-e820: [mem 0x0000000000000000-0x000000000009ffff] usable
[    0.000000] [      T0] BIOS-e820: [mem 0x00000000000a0000-0x00000000000fffff] reserved
[    0.000000] [      T0] BIOS-e820: [mem 0x0000000000100000-0x0000000009afefff] usable
[    0.000000] [      T0] BIOS-e820: [mem 0x0000000009aff000-0x0000000009ffffff] reserved
[    0.000000] [      T0] BIOS-e820: [mem 0x000000000a000000-0x000000000a1fffff] usable
[    0.000000] [      T0] BIOS-e820: [mem 0x000000000a200000-0x000000000a21ffff] ACPI NVS
[    0.000000] [      T0] BIOS-e820: [mem 0x000000000a220000-0x000000000affffff] usable
[    0.000000] [      T0] BIOS-e820: [mem 0x000000000b000000-0x000000000b020fff] reserved
[    0.000000] [      T0] BIOS-e820: [mem 0x000000000b021000-0x000000008567efff] usable
[    0.000000] [      T0] BIOS-e820: [mem 0x000000008567f000-0x000000008b67efff] reserved
[    0.000000] [      T0] BIOS-e820: [mem 0x000000008b67f000-0x000000008d67efff] ACPI data
[    0.000000] [      T0] BIOS-e820: [mem 0x000000008d67f000-0x000000008f67efff] ACPI NVS
[    0.000000] [      T0] BIOS-e820: [mem 0x000000008f67f000-0x00000000977fefff] reserved
[    0.000000] [      T0] BIOS-e820: [mem 0x00000000977ff000-0x0000000099ff6fff] usable
[    0.000000] [      T0] BIOS-e820: [mem 0x0000000099ff7000-0x0000000099ffbfff] reserved
[    0.000000] [      T0] BIOS-e820: [mem 0x0000000099ffc000-0x0000000099ffffff] usable
[    0.000000] [      T0] BIOS-e820: [mem 0x000000009a000000-0x000000009bffffff] reserved
[    0.000000] [      T0] BIOS-e820: [mem 0x000000009d7f3000-0x000000009fffffff] reserved
[    0.000000] [      T0] BIOS-e820: [mem 0x00000000e0000000-0x00000000efffffff] reserved
[    0.000000] [      T0] BIOS-e820: [mem 0x00000000f7000000-0x00000000ffffffff] reserved
[    0.000000] [      T0] BIOS-e820: [mem 0x0000000100000000-0x000000205dd7ffff] usable
[    0.000000] [      T0] BIOS-e820: [mem 0x000000205edc0000-0x00000020801fffff] reserved
[    0.000000] [      T0] BIOS-e820: [mem 0x000000fd00000000-0x000000ffffffffff] reserved
[    0.000000] [      T0] printk: debug: ignoring loglevel setting.
[    0.000000] [      T0] Kernel compiled without mitigations, ignoring 'mitigations'; system may still be vulnerable
[    0.000000] [      T0] NX (Execute Disable) protection: active
[    0.000000] [      T0] APIC: Static calls initialized
[    0.000000] [      T0] efi: EFI v2.9 by American Megatrends
[    0.000000] [      T0] efi: ACPI=0x8f666000 ACPI 2.0=0x8f666014 SMBIOS=0x974cf000 SMBIOS 3.0=0x974ce000 MEMATTR=0x7f94b018 ESRT=0x7df2be98 INITRD=0x7dcf7a98 RNG=0x8cd19018 
[    0.000000] [      T0] random: crng init done
[    0.000000] [      T0] efi: Remove mem54: MMIO range=[0xe0000000-0xefffffff] (256MB) from e820 map
[    0.000000] [      T0] e820: remove [mem 0xe0000000-0xefffffff] reserved
[    0.000000] [      T0] efi: Remove mem55: MMIO range=[0xf7000000-0xfedfffff] (126MB) from e820 map
[    0.000000] [      T0] e820: remove [mem 0xf7000000-0xfedfffff] reserved
[    0.000000] [      T0] efi: Not removing mem56: MMIO range=[0xfee00000-0xfee00fff] (4KB) from e820 map
[    0.000000] [      T0] efi: Remove mem57: MMIO range=[0xfee01000-0xffffffff] (17MB) from e820 map
[    0.000000] [      T0] e820: remove [mem 0xfee01000-0xffffffff] reserved
[    0.000000] [      T0] efi: Remove mem59: MMIO range=[0x2060000000-0x20801fffff] (514MB) from e820 map
[    0.000000] [      T0] e820: remove [mem 0x2060000000-0x20801fffff] reserved
[    0.000000] [      T0] SMBIOS 3.4.0 present.
[    0.000000] [      T0] DMI: ASRock B850 Pro-A/B850 Pro-A, BIOS 3.11 11/12/2024
[    0.000000] [      T0] DMI: Memory slots populated: 4/4
[    0.000000] [      T0] tsc: Fast TSC calibration using PIT
[    0.000000] [      T0] tsc: Detected 4391.461 MHz processor
[    0.000110] [      T0] e820: update [mem 0x00000000-0x00000fff] usable ==> reserved
[    0.000111] [      T0] e820: remove [mem 0x000a0000-0x000fffff] usable
[    0.000114] [      T0] last_pfn = 0x205dd80 max_arch_pfn = 0x400000000
[    0.000117] [      T0] MTRR map: 5 entries (3 fixed + 2 variable; max 20), built from 9 variable MTRRs
[    0.000118] [      T0] x86/PAT: Configuration [0-7]: WB  WC  UC- UC  WB  WP  UC- WT  
[    0.000273] [      T0] e820: update [mem 0xa0000000-0xffffffff] usable ==> reserved
[    0.000276] [      T0] last_pfn = 0x9a000 max_arch_pfn = 0x400000000
[    0.000283] [      T0] esrt: Reserving ESRT space from 0x000000007df2be98 to 0x000000007df2bed0.
[    0.000287] [      T0] e820: update [mem 0x7df2b000-0x7df2bfff] usable ==> reserved
[    0.000293] [      T0] Using GB pages for direct mapping
[    0.000526] [      T0] Secure boot disabled
[    0.000526] [      T0] RAMDISK: [mem 0x779ad000-0x796e0fff]
[    0.000529] [      T0] ACPI: Early table checksum verification disabled
[    0.000531] [      T0] ACPI: RSDP 0x000000008F666014 000024 (v02 ALASKA)
[    0.000533] [      T0] ACPI: XSDT 0x000000008F665728 0000EC (v01 ALASKA A M I    00000001 AMI  01000013)
[    0.000538] [      T0] ACPI: FACP 0x000000008D674000 000114 (v06 ALASKA A M I    00000001 AMI  00010013)
[    0.000541] [      T0] ACPI: DSDT 0x000000008D5F8000 072F5F (v02 ALASKA A M I    00000001 INTL 20220331)
[    0.000542] [      T0] ACPI: FACS 0x000000008F663000 000040
[    0.000542] [      T0] ACPI: SSDT 0x000000008D676000 00816C (v02 AMD    Splinter 00000002 MSFT 05000000)
[    0.000543] [      T0] ACPI: SSDT 0x000000008D675000 000309 (v02 ALASKA CPUSSDT  00000001 AMI  00000001)
[    0.000544] [      T0] ACPI: FIDT 0x000000008D66E000 00009C (v01 ALASKA A M I    00000001 AMI  00010013)
[    0.000545] [      T0] ACPI: MCFG 0x000000008D66D000 00003C (v01 ALASKA A M I    00000001 MSFT 00010013)
[    0.000546] [      T0] ACPI: HPET 0x000000008D66C000 000038 (v01 ALASKA A M I    00000001 AMI  00000005)
[    0.000547] [      T0] ACPI: FPDT 0x000000008D66B000 000044 (v01 ALASKA A M I    01072009 AMI  01000013)
[    0.000548] [      T0] ACPI: VFCT 0x000000008D5E9000 00E284 (v01 ALASKA A M I    00000001 AMD  31504F47)
[    0.000548] [      T0] ACPI: SSDT 0x000000008D5E1000 0074CE (v02 AMD    AMD CPU  00000001 AMD  00000001)
[    0.000549] [      T0] ACPI: SRAT 0x000000008D673000 000250 (v03 AMD    AMD SRAT 00000001 AMD  00000001)
[    0.000550] [      T0] ACPI: MSCT 0x000000008D672000 00004E (v01 AMD    AmdTable 00000000 AMD  00000001)
[    0.000551] [      T0] ACPI: SLIT 0x000000008D671000 000030 (v01 AMD    AMD SLIT 00000001 AMD  00000001)
[    0.000551] [      T0] ACPI: WPBT 0x000000008D670000 000036 (v01 ALASKA A M I    00000001 MSFT 00010013)
[    0.000552] [      T0] ACPI: SSDT 0x000000008D66F000 0006D4 (v02 AMD    CPMWLRC  00000001 INTL 20220331)
[    0.000553] [      T0] ACPI: SSDT 0x000000008CD2F000 0008BA (v02 AMD    CPMDFDG2 00000001 INTL 20220331)
[    0.000554] [      T0] ACPI: SSDT 0x000000008CD2E000 000788 (v02 AMD    CPMDFIG5 00000001 INTL 20220331)
[    0.000555] [      T0] ACPI: SSDT 0x000000008CD24000 009A6C (v02 AMD    CPMCMN   00000001 INTL 20220331)
[    0.000556] [      T0] ACPI: SSDT 0x000000008CD21000 00299F (v02 AMD    AOD      00000001 INTL 20220331)
[    0.000557] [      T0] ACPI: WSMT 0x000000008CD20000 000028 (v01 ALASKA A M I    00000001 AMI  00010013)
[    0.000557] [      T0] ACPI: APIC 0x000000008CD1F000 00015E (v06 ALASKA A M I    00000001 AMI  00010013)
[    0.000558] [      T0] ACPI: IVRS 0x000000008CD1E000 0000C8 (v02 AMD    AmdTable 00000001 AMD  00000001)
[    0.000559] [      T0] ACPI: SSDT 0x000000008CD1D000 000500 (v02 AMD    MEMTOOL0 00000002 INTL 20220331)
[    0.000560] [      T0] ACPI: SSDT 0x000000008CD1C000 00047C (v02 AMD    AMDWOV   00000001 INTL 20220331)
[    0.000561] [      T0] ACPI: SSDT 0x000000008CD1B000 00053E (v01 AMD    CPMAPMFD 00000001 INTL 20220331)
[    0.000561] [      T0] ACPI: SSDT 0x000000008CD1A000 00044E (v02 AMD    AmdTable 00000001 INTL 20220331)
[    0.000562] [      T0] ACPI: Reserving FACP table memory at [mem 0x8d674000-0x8d674113]
[    0.000563] [      T0] ACPI: Reserving DSDT table memory at [mem 0x8d5f8000-0x8d66af5e]
[    0.000563] [      T0] ACPI: Reserving FACS table memory at [mem 0x8f663000-0x8f66303f]
[    0.000563] [      T0] ACPI: Reserving SSDT table memory at [mem 0x8d676000-0x8d67e16b]
[    0.000564] [      T0] ACPI: Reserving SSDT table memory at [mem 0x8d675000-0x8d675308]
[    0.000564] [      T0] ACPI: Reserving FIDT table memory at [mem 0x8d66e000-0x8d66e09b]
[    0.000564] [      T0] ACPI: Reserving MCFG table memory at [mem 0x8d66d000-0x8d66d03b]
[    0.000564] [      T0] ACPI: Reserving HPET table memory at [mem 0x8d66c000-0x8d66c037]
[    0.000564] [      T0] ACPI: Reserving FPDT table memory at [mem 0x8d66b000-0x8d66b043]
[    0.000564] [      T0] ACPI: Reserving VFCT table memory at [mem 0x8d5e9000-0x8d5f7283]
[    0.000565] [      T0] ACPI: Reserving SSDT table memory at [mem 0x8d5e1000-0x8d5e84cd]
[    0.000565] [      T0] ACPI: Reserving SRAT table memory at [mem 0x8d673000-0x8d67324f]
[    0.000565] [      T0] ACPI: Reserving MSCT table memory at [mem 0x8d672000-0x8d67204d]
[    0.000565] [      T0] ACPI: Reserving SLIT table memory at [mem 0x8d671000-0x8d67102f]
[    0.000565] [      T0] ACPI: Reserving WPBT table memory at [mem 0x8d670000-0x8d670035]
[    0.000565] [      T0] ACPI: Reserving SSDT table memory at [mem 0x8d66f000-0x8d66f6d3]
[    0.000566] [      T0] ACPI: Reserving SSDT table memory at [mem 0x8cd2f000-0x8cd2f8b9]
[    0.000566] [      T0] ACPI: Reserving SSDT table memory at [mem 0x8cd2e000-0x8cd2e787]
[    0.000566] [      T0] ACPI: Reserving SSDT table memory at [mem 0x8cd24000-0x8cd2da6b]
[    0.000566] [      T0] ACPI: Reserving SSDT table memory at [mem 0x8cd21000-0x8cd2399e]
[    0.000566] [      T0] ACPI: Reserving WSMT table memory at [mem 0x8cd20000-0x8cd20027]
[    0.000567] [      T0] ACPI: Reserving APIC table memory at [mem 0x8cd1f000-0x8cd1f15d]
[    0.000567] [      T0] ACPI: Reserving IVRS table memory at [mem 0x8cd1e000-0x8cd1e0c7]
[    0.000567] [      T0] ACPI: Reserving SSDT table memory at [mem 0x8cd1d000-0x8cd1d4ff]
[    0.000567] [      T0] ACPI: Reserving SSDT table memory at [mem 0x8cd1c000-0x8cd1c47b]
[    0.000567] [      T0] ACPI: Reserving SSDT table memory at [mem 0x8cd1b000-0x8cd1b53d]
[    0.000567] [      T0] ACPI: Reserving SSDT table memory at [mem 0x8cd1a000-0x8cd1a44d]
[    0.000585] [      T0] ACPI: SRAT: Node 0 PXM 0 [mem 0x00000000-0x0009ffff]
[    0.000586] [      T0] ACPI: SRAT: Node 0 PXM 0 [mem 0x000c0000-0x9fffffff]
[    0.000587] [      T0] ACPI: SRAT: Node 0 PXM 0 [mem 0x100000000-0x105fffffff]
[    0.000587] [      T0] ACPI: SRAT: Node 1 PXM 1 [mem 0x1060000000-0x205fffffff]
[    0.000588] [      T0] ACPI: SLIT table looks invalid. Not used.
[    0.000589] [      T0] NUMA: Node 0 [mem 0x00001000-0x0009ffff] + [mem 0x000c0000-0x9fffffff] -> [mem 0x00001000-0x9fffffff]
[    0.000590] [      T0] NUMA: Node 0 [mem 0x00001000-0x9fffffff] + [mem 0x100000000-0x105fffffff] -> [mem 0x00001000-0x105fffffff]
[    0.000592] [      T0] NODE_DATA(0) allocated [mem 0x105fffe940-0x105fffffff]
[    0.000594] [      T0] NODE_DATA(1) allocated [mem 0x205dd7e940-0x205dd7ffff]
[    0.000624] [      T0] Zone ranges:
[    0.000625] [      T0]   DMA32    [mem 0x0000000000001000-0x00000000ffffffff]
[    0.000625] [      T0]   Normal   [mem 0x0000000100000000-0x000000205dd7ffff]
[    0.000626] [      T0] Movable zone start for each node
[    0.000627] [      T0] Early memory node ranges
[    0.000627] [      T0]   node   0: [mem 0x0000000000001000-0x000000000009ffff]
[    0.000627] [      T0]   node   0: [mem 0x0000000000100000-0x0000000009afefff]
[    0.000628] [      T0]   node   0: [mem 0x000000000a000000-0x000000000a1fffff]
[    0.000628] [      T0]   node   0: [mem 0x000000000a220000-0x000000000affffff]
[    0.000628] [      T0]   node   0: [mem 0x000000000b021000-0x000000008567efff]
[    0.000628] [      T0]   node   0: [mem 0x00000000977ff000-0x0000000099ff6fff]
[    0.000629] [      T0]   node   0: [mem 0x0000000099ffc000-0x0000000099ffffff]
[    0.000629] [      T0]   node   0: [mem 0x0000000100000000-0x000000105fffffff]
[    0.000630] [      T0]   node   1: [mem 0x0000001060000000-0x000000205dd7ffff]
[    0.000631] [      T0] Initmem setup node 0 [mem 0x0000000000001000-0x000000105fffffff]
[    0.000633] [      T0] Initmem setup node 1 [mem 0x0000001060000000-0x000000205dd7ffff]
[    0.000635] [      T0] On node 0, zone DMA32: 1 pages in unavailable ranges
[    0.000697] [      T0] On node 0, zone DMA32: 96 pages in unavailable ranges
[    0.000701] [      T0] On node 0, zone DMA32: 1281 pages in unavailable ranges
[    0.000707] [      T0] On node 0, zone DMA32: 32 pages in unavailable ranges
[    0.001491] [      T0] On node 0, zone DMA32: 33 pages in unavailable ranges
[    0.001557] [      T0] On node 0, zone DMA32: 41344 pages in unavailable ranges
[    0.001557] [      T0] On node 0, zone DMA32: 5 pages in unavailable ranges
[    0.047730] [      T0] On node 0, zone Normal: 24576 pages in unavailable ranges
[    0.097131] [      T0] On node 1, zone Normal: 8832 pages in unavailable ranges
[    0.097544] [      T0] ACPI: PM-Timer IO Port: 0x808
[    0.097550] [      T0] ACPI: LAPIC_NMI (acpi_id[0xff] high edge lint[0x1])
[    0.097555] [      T0] IOAPIC[0]: apic_id 32, version 33, address 0xfec00000, GSI 0-23
[    0.097563] [      T0] IOAPIC[1]: apic_id 33, version 33, address 0xfec01000, GSI 24-55
[    0.097563] [      T0] ACPI: INT_SRC_OVR (bus 0 bus_irq 0 global_irq 2 dfl dfl)
[    0.097564] [      T0] ACPI: INT_SRC_OVR (bus 0 bus_irq 9 global_irq 9 low level)
[    0.097566] [      T0] ACPI: Using ACPI (MADT) for SMP configuration information
[    0.097567] [      T0] ACPI: HPET id: 0x10228201 base: 0xfed00000
[    0.097571] [      T0] CPU topo: Max. logical packages:   1
[    0.097572] [      T0] CPU topo: Max. logical dies:       2
[    0.097572] [      T0] CPU topo: Max. dies per package:   2
[    0.097574] [      T0] CPU topo: Max. threads per core:   2
[    0.097574] [      T0] CPU topo: Num. cores per package:    12
[    0.097574] [      T0] CPU topo: Num. threads per package:  24
[    0.097575] [      T0] CPU topo: Allowing 24 present CPUs plus 0 hotplug CPUs
[    0.097580] [      T0] [mem 0xa0000000-0xfedfffff] available for PCI devices
[    0.097583] [      T0] clocksource: refined-jiffies: mask: 0xffffffff max_cycles: 0xffffffff, max_idle_ns: 1910969940391419 ns
[    0.100792] [      T0] setup_percpu: NR_CPUS:24 nr_cpumask_bits:24 nr_cpu_ids:24 nr_node_ids:2
[    0.101261] [      T0] percpu: Embedded 45 pages/cpu s155648 r0 d28672 u262144
[    0.101264] [      T0] pcpu-alloc: s155648 r0 d28672 u262144 alloc=1*2097152
[    0.101265] [      T0] pcpu-alloc: [0] 00 01 02 03 04 05 12 13 [0] 14 15 16 17 -- -- -- -- 
[    0.101268] [      T0] pcpu-alloc: [1] 06 07 08 09 10 11 18 19 [1] 20 21 22 23 -- -- -- -- 
[    0.101273] [      T0] Kernel command line: ignore_loglevel initcall_debug mitigations=off BOOT_IMAGE=/vmlinuz-6.16.0-rc2-nolto-00024-g9afe652958c3 root=UUID=262b03ae-42eb-4a97-bd18-b0ed57138838 ro rootflags=subvol=@rootfs quiet
[    0.101295] [      T0] Unknown kernel command line parameters "BOOT_IMAGE=/vmlinuz-6.16.0-rc2-nolto-00024-g9afe652958c3", will be passed to user space.
[    0.101493] [      T0] printk: log buffer data + meta data: 1048576 + 3670016 = 4718592 bytes
[    0.101551] [      T0] software IO TLB: area num 32.
[    0.105406] [      T0] Fallback order for Node 0: 0 1 
[    0.105407] [      T0] Fallback order for Node 1: 1 0 
[    0.105408] [      T0] Built 2 zonelists, mobility grouping on.  Total pages: 33445464
[    0.105408] [      T0] Policy zone: Normal
[    0.105409] [      T0] mem auto-init: stack:off, heap alloc:off, heap free:off
[    0.211818] [      T0] SLUB: HWalign=64, Order=0-3, MinObjects=0, CPUs=24, Nodes=2
[    0.211901] [      T0] rcu: Preemptible hierarchical RCU implementation.
[    0.211902] [      T0] rcu: RCU calculated value of scheduler-enlistment delay is 100 jiffies.
[    0.211912] [      T0] NR_IRQS: 4352, nr_irqs: 1160, preallocated irqs: 16
[    0.212085] [      T0] rcu: srcu_init: Setting srcu_struct sizes based on contention.
[    0.212205] [      T0] Console: colour dummy device 80x25
[    0.212208] [      T0] printk: legacy console [tty0] enabled
[    0.212314] [      T0] ACPI: Core revision 20250404
[    0.212497] [      T0] clocksource: hpet: mask: 0xffffffff max_cycles: 0xffffffff, max_idle_ns: 133484873504 ns
[    0.212509] [      T0] APIC: Switch to symmetric I/O mode setup
[    0.212722] [      T0] AMD-Vi: Using global IVHD EFR:0x246577efa2254afa, EFR2:0x0
[    0.213505] [      T0] ..TIMER: vector=0x30 apic1=0 pin1=2 apic2=-1 pin2=-1
[    0.218514] [      T0] clocksource: tsc-early: mask: 0xffffffffffffffff max_cycles: 0x3f4ce3cc20d, max_idle_ns: 440795431038 ns
[    0.218517] [      T0] Calibrating delay loop (skipped), value calculated using timer frequency.. 8782.92 BogoMIPS (lpj=4391461)
[    0.218533] [      T0] x86/cpu: User Mode Instruction Prevention (UMIP) activated
[    0.218592] [      T0] LVT offset 1 assigned for vector 0xf9
[    0.218801] [      T0] LVT offset 2 assigned for vector 0xf4
[    0.218865] [      T0] Last level iTLB entries: 4KB 64, 2MB 64, 4MB 32
[    0.218866] [      T0] Last level dTLB entries: 4KB 128, 2MB 128, 4MB 64, 1GB 0
[    0.218868] [      T0] process: using mwait in idle threads
[    0.218870] [      T0] Speculative Store Bypass: Vulnerable
[    0.218872] [      T0] Spectre V2 : User space: Vulnerable
[    0.218878] [      T0] x86/fpu: Supporting XSAVE feature 0x001: 'x87 floating point registers'
[    0.218879] [      T0] x86/fpu: Supporting XSAVE feature 0x002: 'SSE registers'
[    0.218880] [      T0] x86/fpu: Supporting XSAVE feature 0x004: 'AVX registers'
[    0.218881] [      T0] x86/fpu: Supporting XSAVE feature 0x020: 'AVX-512 opmask'
[    0.218882] [      T0] x86/fpu: Supporting XSAVE feature 0x040: 'AVX-512 Hi256'
[    0.218882] [      T0] x86/fpu: Supporting XSAVE feature 0x080: 'AVX-512 ZMM_Hi256'
[    0.218883] [      T0] x86/fpu: Supporting XSAVE feature 0x200: 'Protection Keys User registers'
[    0.218884] [      T0] x86/fpu: Supporting XSAVE feature 0x800: 'Control-flow User registers'
[    0.218885] [      T0] x86/fpu: xstate_offset[2]:  576, xstate_sizes[2]:  256
[    0.218886] [      T0] x86/fpu: xstate_offset[5]:  832, xstate_sizes[5]:   64
[    0.218887] [      T0] x86/fpu: xstate_offset[6]:  896, xstate_sizes[6]:  512
[    0.218887] [      T0] x86/fpu: xstate_offset[7]: 1408, xstate_sizes[7]: 1024
[    0.218888] [      T0] x86/fpu: xstate_offset[9]: 2432, xstate_sizes[9]:    8
[    0.218889] [      T0] x86/fpu: xstate_offset[11]: 2440, xstate_sizes[11]:   16
[    0.218890] [      T0] x86/fpu: Enabled xstate features 0xae7, context size is 2456 bytes, using 'compacted' format.
[    0.219438] [      T0] Freeing SMP alternatives memory: 60K
[    0.219440] [      T0] pid_max: default: 32768 minimum: 301
[    0.223710] [      T0] Dentry cache hash table entries: 8388608 (order: 14, 67108864 bytes, vmalloc hugepage)
[    0.225311] [      T0] Inode-cache hash table entries: 4194304 (order: 13, 33554432 bytes, vmalloc hugepage)
[    0.225371] [      T0] Mount-cache hash table entries: 131072 (order: 8, 1048576 bytes, vmalloc)
[    0.225423] [      T0] Mountpoint-cache hash table entries: 131072 (order: 8, 1048576 bytes, vmalloc)
[    0.327677] [      T1] smpboot: CPU0: AMD Ryzen 9 9900X3D 12-Core Processor (family: 0x1a, model: 0x44, stepping: 0x0)
[    0.327738] [      T1] entering initcall level: early
[    0.327739] [      T1] calling  init_hw_perf_events+0x0/0x6b0 @ 1
[    0.327743] [      T1] Performance Events: Fam17h+ 16-deep LBR, core perfctr, AMD PMU driver.
[    0.327765] [      T1] ... version:                2
[    0.327766] [      T1] ... bit width:              48
[    0.327766] [      T1] ... generic registers:      6
[    0.327767] [      T1] ... value mask:             0000ffffffffffff
[    0.327768] [      T1] ... max period:             00007fffffffffff
[    0.327768] [      T1] ... fixed-purpose events:   0
[    0.327769] [      T1] ... event mask:             000000000000003f
[    0.327830] [      T1] initcall init_hw_perf_events+0x0/0x6b0 returned 0 after 0 usecs
[    0.327831] [      T1] calling  do_init_real_mode+0x0/0x10 @ 1
[    0.327846] [      T1] initcall do_init_real_mode+0x0/0x10 returned 0 after 0 usecs
[    0.327847] [      T1] calling  init_sigframe_size+0x0/0x40 @ 1
[    0.327848] [      T1] signal: max sigframe size: 3376
[    0.327849] [      T1] initcall init_sigframe_size+0x0/0x40 returned 0 after 0 usecs
[    0.327850] [      T1] calling  cache_ap_register+0x0/0x50 @ 1
[    0.327852] [      T1] initcall cache_ap_register+0x0/0x50 returned 0 after 0 usecs
[    0.327853] [      T1] calling  bp_init_aperfmperf+0x0/0x40 @ 1
[    0.327854] [      T1] initcall bp_init_aperfmperf+0x0/0x40 returned 0 after 0 usecs
[    0.327855] [      T1] calling  save_builtin_microcode+0x0/0x50 @ 1
[    0.327856] [      T1] initcall save_builtin_microcode+0x0/0x50 returned 0 after 0 usecs
[    0.327857] [      T1] calling  save_microcode_in_initrd+0x0/0xb0 @ 1
[    0.327860] [      T1] initcall save_microcode_in_initrd+0x0/0xb0 returned -22 after 0 usecs
[    0.327862] [      T1] calling  register_nmi_cpu_backtrace_handler+0x0/0x20 @ 1
[    0.327863] [      T1] initcall register_nmi_cpu_backtrace_handler+0x0/0x20 returned 0 after 0 usecs
[    0.327865] [      T1] calling  spawn_ksoftirqd+0x0/0x80 @ 1
[    0.327870] [      T1] initcall spawn_ksoftirqd+0x0/0x80 returned 0 after 0 usecs
[    0.327872] [      T1] calling  init_signal_sysctls+0x0/0x50 @ 1
[    0.327873] [      T1] initcall init_signal_sysctls+0x0/0x50 returned 0 after 0 usecs
[    0.327874] [      T1] calling  init_umh_sysctls+0x0/0x30 @ 1
[    0.327876] [      T1] initcall init_umh_sysctls+0x0/0x30 returned 0 after 0 usecs
[    0.327877] [      T1] calling  kthreads_init+0x0/0x30 @ 1
[    0.327879] [      T1] initcall kthreads_init+0x0/0x30 returned 0 after 0 usecs
[    0.327880] [      T1] calling  migration_init+0x0/0x10 @ 1
[    0.327881] [      T1] initcall migration_init+0x0/0x10 returned 0 after 0 usecs
[    0.327882] [      T1] calling  printk_set_kthreads_ready+0x0/0x40 @ 1
[    0.327884] [      T1] initcall printk_set_kthreads_ready+0x0/0x40 returned 0 after 0 usecs
[    0.327885] [      T1] calling  srcu_bootup_announce+0x0/0x80 @ 1
[    0.327886] [      T1] rcu: Hierarchical SRCU implementation.
[    0.327887] [      T1] rcu: 	Max phase no-delay instances is 400.
[    0.327888] [      T1] initcall srcu_bootup_announce+0x0/0x80 returned 0 after 0 usecs
[    0.327889] [      T1] calling  rcu_spawn_gp_kthread+0x0/0x120 @ 1
[    0.327901] [      T1] initcall rcu_spawn_gp_kthread+0x0/0x120 returned 0 after 0 usecs
[    0.327902] [      T1] calling  check_cpu_stall_init+0x0/0x20 @ 1
[    0.327903] [      T1] initcall check_cpu_stall_init+0x0/0x20 returned 0 after 0 usecs
[    0.327904] [      T1] calling  rcu_sysrq_init+0x0/0x20 @ 1
[    0.327906] [      T1] initcall rcu_sysrq_init+0x0/0x20 returned 0 after 0 usecs
[    0.327907] [      T1] calling  tmigr_init+0x0/0x170 @ 1
[    0.327908] [      T1] Timer migration: 3 hierarchy levels; 8 children per group; 2 crossnode level
[    0.327910] [      T1] initcall tmigr_init+0x0/0x170 returned 0 after 0 usecs
[    0.327911] [      T1] calling  cpu_stop_init+0x0/0xa0 @ 1
[    0.327919] [      T1] initcall cpu_stop_init+0x0/0xa0 returned 0 after 0 usecs
[    0.327920] [      T1] calling  irq_work_init_threads+0x0/0x10 @ 1
[    0.327921] [      T1] initcall irq_work_init_threads+0x0/0x10 returned 0 after 0 usecs
[    0.327923] [      T1] calling  static_call_init+0x0/0x140 @ 1
[    0.327924] [      T1] initcall static_call_init+0x0/0x140 returned 0 after 0 usecs
[    0.327925] [      T1] calling  init_zero_pfn+0x0/0x40 @ 1
[    0.327927] [      T1] initcall init_zero_pfn+0x0/0x40 returned 0 after 0 usecs
[    0.327928] [      T1] calling  init_fs_inode_sysctls+0x0/0x30 @ 1
[    0.327929] [      T1] initcall init_fs_inode_sysctls+0x0/0x30 returned 0 after 0 usecs
[    0.327930] [      T1] calling  init_fs_locks_sysctls+0x0/0x30 @ 1
[    0.327932] [      T1] initcall init_fs_locks_sysctls+0x0/0x30 returned 0 after 0 usecs
[    0.327933] [      T1] calling  init_fs_sysctls+0x0/0x30 @ 1
[    0.327934] [      T1] initcall init_fs_sysctls+0x0/0x30 returned 0 after 0 usecs
[    0.327935] [      T1] calling  init_security_keys_sysctls+0x0/0x30 @ 1
[    0.327938] [      T1] initcall init_security_keys_sysctls+0x0/0x30 returned 0 after 0 usecs
[    0.327939] [      T1] calling  mce_amd_init+0x0/0x170 @ 1
[    0.327941] [      T1] MCE: In-kernel MCE decoding enabled.
[    0.327942] [      T1] initcall mce_amd_init+0x0/0x170 returned 0 after 0 usecs
[    0.327943] [      T1] calling  efi_memreserve_root_init+0x0/0x30 @ 1
[    0.327944] [      T1] initcall efi_memreserve_root_init+0x0/0x30 returned 0 after 0 usecs
[    0.327946] [      T1] calling  idle_inject_init+0x0/0x10 @ 1
[    0.327954] [      T1] initcall idle_inject_init+0x0/0x10 returned 0 after 0 usecs
[    0.328004] [      T1] smp: Bringing up secondary CPUs ...
[    0.328040] [      T1] smpboot: x86: Booting SMP configuration:
[    0.328041] [      T1] .... node  #0, CPUs:        #1  #2  #3  #4  #5
[    0.330229] [      T1] .... node  #1, CPUs:    #6  #7  #8  #9 #10 #11
[    0.331544] [      T1] .... node  #0, CPUs:   #12 #13 #14 #15 #16 #17
[    0.332052] [      T1] .... node  #1, CPUs:   #18 #19 #20 #21 #22 #23
[    0.332573] [      T1] smp: Brought up 2 nodes, 24 CPUs
[    0.332573] [      T1] smpboot: Total of 24 processors activated (210790.12 BogoMIPS)
[    0.333599] [      T1] Memory: 131418372K/133781856K available (21973K kernel code, 4540K rwdata, 10780K rodata, 1244K init, 4728K bss, 2248012K reserved, 0K cma-reserved)
[    0.334992] [      T1] devtmpfs: initialized
[    0.334992] [      T1] entering initcall level: pure
[    0.334992] [      T1] calling  setup_split_lock_delayed_work+0x0/0x90 @ 1
[    0.334992] [      T1] initcall setup_split_lock_delayed_work+0x0/0x90 returned 0 after 0 usecs
[    0.334992] [      T1] calling  ipc_ns_init+0x0/0x40 @ 1
[    0.334992] [      T1] initcall ipc_ns_init+0x0/0x40 returned 0 after 0 usecs
[    0.334992] [      T1] calling  init_mmap_min_addr+0x0/0x30 @ 1
[    0.334992] [      T1] initcall init_mmap_min_addr+0x0/0x30 returned 0 after 0 usecs
[    0.334992] [      T1] calling  pci_realloc_setup_params+0x0/0x50 @ 1
[    0.334992] [      T1] initcall pci_realloc_setup_params+0x0/0x50 returned 0 after 0 usecs
[    0.334992] [      T1] calling  inet_frag_wq_init+0x0/0x40 @ 1
[    0.334992] [      T1] initcall inet_frag_wq_init+0x0/0x40 returned 0 after 0 usecs
[    0.334992] [      T1] entering initcall level: core
[    0.334992] [      T1] calling  e820__register_nvs_regions+0x0/0x50 @ 1
[    0.334992] [      T1] initcall e820__register_nvs_regions+0x0/0x50 returned 0 after 0 usecs
[    0.334992] [      T1] calling  cpufreq_register_tsc_scaling+0x0/0x30 @ 1
[    0.334992] [      T1] initcall cpufreq_register_tsc_scaling+0x0/0x30 returned 0 after 0 usecs
[    0.334992] [      T1] calling  reboot_init+0x0/0x40 @ 1
[    0.334992] [      T1] initcall reboot_init+0x0/0x40 returned 0 after 0 usecs
[    0.334992] [      T1] calling  init_lapic_sysfs+0x0/0x20 @ 1
[    0.334992] [      T1] initcall init_lapic_sysfs+0x0/0x20 returned 0 after 0 usecs
[    0.334992] [      T1] calling  wq_sysfs_init+0x0/0x20 @ 1
[    0.334992] [      T1] initcall wq_sysfs_init+0x0/0x20 returned 0 after 0 usecs
[    0.334992] [      T1] calling  ksysfs_init+0x0/0xb0 @ 1
[    0.334992] [      T1] initcall ksysfs_init+0x0/0xb0 returned 0 after 0 usecs
[    0.334992] [      T1] calling  schedutil_gov_init+0x0/0x10 @ 1
[    0.334992] [      T1] initcall schedutil_gov_init+0x0/0x10 returned 0 after 0 usecs
[    0.334992] [      T1] calling  pm_init+0x0/0x50 @ 1
[    0.334992] [      T1] initcall pm_init+0x0/0x50 returned 0 after 0 usecs
[    0.334992] [      T1] calling  rcu_set_runtime_mode+0x0/0x20 @ 1
[    0.334992] [      T1] initcall rcu_set_runtime_mode+0x0/0x20 returned 0 after 0 usecs
[    0.334992] [      T1] calling  init_jiffies_clocksource+0x0/0x20 @ 1
[    0.334992] [      T1] clocksource: jiffies: mask: 0xffffffff max_cycles: 0xffffffff, max_idle_ns: 1911260446275000 ns
[    0.334992] [      T1] initcall init_jiffies_clocksource+0x0/0x20 returned 0 after 0 usecs
[    0.334992] [      T1] calling  posixtimer_init+0x0/0xe0 @ 1
[    0.334992] [      T1] posixtimers hash table entries: 16384 (order: 6, 262144 bytes, vmalloc)
[    0.334992] [      T1] initcall posixtimer_init+0x0/0xe0 returned 0 after 0 usecs
[    0.334992] [      T1] calling  futex_init+0x0/0x1b0 @ 1
[    0.334992] [      T1] futex hash table entries: 4096 (262144 bytes on 2 NUMA nodes, total 512 KiB, linear).
[    0.334992] [      T1] initcall futex_init+0x0/0x1b0 returned 0 after 0 usecs
[    0.334992] [      T1] calling  cgroup_wq_init+0x0/0x30 @ 1
[    0.334992] [      T1] initcall cgroup_wq_init+0x0/0x30 returned 0 after 0 usecs
[    0.334992] [      T1] calling  cgroup1_wq_init+0x0/0x30 @ 1
[    0.334992] [      T1] initcall cgroup1_wq_init+0x0/0x30 returned 0 after 0 usecs
[    0.334992] [      T1] calling  init_events_core_sysctls+0x0/0x30 @ 1
[    0.334992] [      T1] initcall init_events_core_sysctls+0x0/0x30 returned 0 after 0 usecs
[    0.334992] [      T1] calling  init_callchain_sysctls+0x0/0x30 @ 1
[    0.334992] [      T1] initcall init_callchain_sysctls+0x0/0x30 returned 0 after 0 usecs
[    0.334992] [      T1] calling  memory_failure_init+0x0/0xc0 @ 1
[    0.334992] [      T1] initcall memory_failure_init+0x0/0xc0 returned 0 after 0 usecs
[    0.334992] [      T1] calling  fsnotify_init+0x0/0x60 @ 1
[    0.334992] [      T1] initcall fsnotify_init+0x0/0x60 returned 0 after 0 usecs
[    0.334992] [      T1] calling  filelock_init+0x0/0x110 @ 1
[    0.334992] [      T1] initcall filelock_init+0x0/0x110 returned 0 after 0 usecs
[    0.334992] [      T1] calling  init_misc_binfmt+0x0/0x30 @ 1
[    0.334992] [      T1] initcall init_misc_binfmt+0x0/0x30 returned 0 after 0 usecs
[    0.334992] [      T1] calling  init_script_binfmt+0x0/0x20 @ 1
[    0.334992] [      T1] initcall init_script_binfmt+0x0/0x20 returned 0 after 0 usecs
[    0.334992] [      T1] calling  init_elf_binfmt+0x0/0x20 @ 1
[    0.334992] [      T1] initcall init_elf_binfmt+0x0/0x20 returned 0 after 0 usecs
[    0.334992] [      T1] calling  init_compat_elf_binfmt+0x0/0x20 @ 1
[    0.334992] [      T1] initcall init_compat_elf_binfmt+0x0/0x20 returned 0 after 0 usecs
[    0.334992] [      T1] calling  configfs_init+0x0/0xc0 @ 1
[    0.334992] [      T1] initcall configfs_init+0x0/0xc0 returned 0 after 0 usecs
[    0.334992] [      T1] calling  register_xor_blocks+0x0/0xa0 @ 1
[    0.334992] [      T1] initcall register_xor_blocks+0x0/0xa0 returned 0 after 0 usecs
[    0.334992] [      T1] calling  pinctrl_init+0x0/0x10 @ 1
[    0.334992] [      T1] pinctrl core: initialized pinctrl subsystem
[    0.334992] [      T1] initcall pinctrl_init+0x0/0x10 returned 0 after 0 usecs
[    0.334992] [      T1] calling  gpiolib_dev_init+0x0/0x150 @ 1
[    0.334992] [      T1] initcall gpiolib_dev_init+0x0/0x150 returned 0 after 0 usecs
[    0.334992] [      T1] calling  virtio_init+0x0/0x20 @ 1
[    0.334992] [      T1] initcall virtio_init+0x0/0x20 returned 0 after 0 usecs
[    0.334992] [      T1] calling  iommu_init+0x0/0x30 @ 1
[    0.334992] [      T1] initcall iommu_init+0x0/0x30 returned 0 after 0 usecs
[    0.334992] [      T1] calling  cpufreq_core_init+0x0/0x80 @ 1
[    0.334992] [      T1] initcall cpufreq_core_init+0x0/0x80 returned 0 after 0 usecs
[    0.334992] [      T1] calling  cpufreq_gov_performance_init+0x0/0x10 @ 1
[    0.334992] [      T1] initcall cpufreq_gov_performance_init+0x0/0x10 returned 0 after 0 usecs
[    0.334992] [      T1] calling  cpuidle_init+0x0/0x20 @ 1
[    0.334992] [      T1] initcall cpuidle_init+0x0/0x20 returned 0 after 0 usecs
[    0.334992] [      T1] calling  sock_init+0x0/0xa0 @ 1
[    0.334992] [      T1] initcall sock_init+0x0/0xa0 returned 0 after 0 usecs
[    0.334992] [      T1] calling  net_inuse_init+0x0/0x20 @ 1
[    0.334992] [      T1] initcall net_inuse_init+0x0/0x20 returned 0 after 0 usecs
[    0.334992] [      T1] calling  sock_struct_check+0x0/0x10 @ 1
[    0.334992] [      T1] initcall sock_struct_check+0x0/0x10 returned 0 after 0 usecs
[    0.334992] [      T1] calling  init_default_flow_dissectors+0x0/0x50 @ 1
[    0.334992] [      T1] initcall init_default_flow_dissectors+0x0/0x50 returned 0 after 0 usecs
[    0.334992] [      T1] calling  netlink_proto_init+0x0/0xb0 @ 1
[    0.334992] [      T1] NET: Registered PF_NETLINK/PF_ROUTE protocol family
[    0.334992] [      T1] initcall netlink_proto_init+0x0/0xb0 returned 0 after 0 usecs
[    0.334992] [      T1] calling  genl_init+0x0/0x40 @ 1
[    0.334992] [      T1] initcall genl_init+0x0/0x40 returned 0 after 0 usecs
[    0.335518] [      T1] entering initcall level: postcore
[    0.335519] [      T1] calling  irq_sysfs_init+0x0/0xd0 @ 1
[    0.335540] [      T1] initcall irq_sysfs_init+0x0/0xd0 returned 0 after 0 usecs
[    0.335541] [      T1] calling  dma_atomic_pool_init+0x0/0xc0 @ 1
[    0.335544] [      T1] DMA: preallocated 4096 KiB GFP_KERNEL pool for atomic allocations
[    0.335548] [      T1] DMA: preallocated 4096 KiB GFP_KERNEL|GFP_DMA32 pool for atomic allocations
[    0.335549] [      T1] initcall dma_atomic_pool_init+0x0/0xc0 returned 0 after 0 usecs
[    0.335550] [      T1] calling  audit_init+0x0/0x190 @ 1
[    0.335552] [      T1] audit: initializing netlink subsys (disabled)
[    0.335555] [      T1] initcall audit_init+0x0/0x190 returned 0 after 0 usecs
[    0.335555] [      T1] calling  bdi_class_init+0x0/0x10 @ 1
[    0.335555] [      T1] initcall bdi_class_init+0x0/0x10 returned 0 after 0 usecs
[    0.335555] [    T164] audit: type=2000 audit(1750207292.122:1): state=initialized audit_enabled=0 res=1
[    0.335555] [      T1] calling  mm_sysfs_init+0x0/0x30 @ 1
[    0.335555] [      T1] initcall mm_sysfs_init+0x0/0x30 returned 0 after 0 usecs
[    0.335555] [      T1] calling  init_per_zone_wmark_min+0x0/0x30 @ 1
[    0.335555] [      T1] initcall init_per_zone_wmark_min+0x0/0x30 returned 0 after 0 usecs
[    0.335555] [      T1] calling  mhi_init+0x0/0x10 @ 1
[    0.335555] [      T1] initcall mhi_init+0x0/0x10 returned 0 after 0 usecs
[    0.335555] [      T1] calling  acpi_gpio_setup_params+0x0/0xa0 @ 1
[    0.335555] [      T1] initcall acpi_gpio_setup_params+0x0/0xa0 returned 0 after 0 usecs
[    0.335555] [      T1] calling  pcibus_class_init+0x0/0x10 @ 1
[    0.335555] [      T1] initcall pcibus_class_init+0x0/0x10 returned 0 after 0 usecs
[    0.335555] [      T1] calling  pci_driver_init+0x0/0x20 @ 1
[    0.335555] [      T1] initcall pci_driver_init+0x0/0x20 returned 0 after 0 usecs
[    0.335555] [      T1] calling  lcd_class_init+0x0/0x30 @ 1
[    0.335555] [      T1] initcall lcd_class_init+0x0/0x30 returned 0 after 0 usecs
[    0.335555] [      T1] calling  backlight_class_init+0x0/0x60 @ 1
[    0.335555] [      T1] initcall backlight_class_init+0x0/0x60 returned 0 after 0 usecs
[    0.335556] [      T1] calling  tty_class_init+0x0/0x10 @ 1
[    0.335557] [      T1] initcall tty_class_init+0x0/0x10 returned 0 after 0 usecs
[    0.335558] [      T1] calling  vtconsole_class_init+0x0/0xc0 @ 1
[    0.335563] [      T1] initcall vtconsole_class_init+0x0/0xc0 returned 0 after 0 usecs
[    0.335564] [      T1] calling  iommu_dev_init+0x0/0x10 @ 1
[    0.335566] [      T1] initcall iommu_dev_init+0x0/0x10 returned 0 after 0 usecs
[    0.335567] [      T1] calling  devlink_class_init+0x0/0x40 @ 1
[    0.335570] [      T1] initcall devlink_class_init+0x0/0x40 returned 0 after 0 usecs
[    0.335571] [      T1] calling  software_node_init+0x0/0x30 @ 1
[    0.335572] [      T1] initcall software_node_init+0x0/0x30 returned 0 after 0 usecs
[    0.335574] [      T1] calling  regmap_initcall+0x0/0x10 @ 1
[    0.335575] [      T1] initcall regmap_initcall+0x0/0x10 returned 0 after 0 usecs
[    0.335576] [      T1] calling  i2c_init+0x0/0x90 @ 1
[    0.335579] [      T1] initcall i2c_init+0x0/0x90 returned 0 after 0 usecs
[    0.335580] [      T1] calling  thermal_init+0x0/0xb0 @ 1
[    0.335586] [      T1] thermal_sys: Registered thermal governor 'fair_share'
[    0.335587] [      T1] thermal_sys: Registered thermal governor 'step_wise'
[    0.335587] [      T1] thermal_sys: Registered thermal governor 'user_space'
[    0.335588] [      T1] initcall thermal_init+0x0/0xb0 returned 0 after 0 usecs
[    0.335590] [      T1] calling  init_menu+0x0/0x10 @ 1
[    0.335597] [      T1] cpuidle: using governor menu
[    0.335597] [      T1] initcall init_menu+0x0/0x10 returned 0 after 0 usecs
[    0.335598] [      T1] calling  pcc_init+0x0/0x60 @ 1
[    0.335600] [      T1] initcall pcc_init+0x0/0x60 returned -19 after 0 usecs
[    0.335602] [      T1] calling  sdw_bus_init+0x0/0x10 @ 1
[    0.335604] [      T1] initcall sdw_bus_init+0x0/0x10 returned 0 after 0 usecs
[    0.335605] [      T1] calling  amd_postcore_init+0x0/0x20 @ 1
[    0.335671] [      T1] initcall amd_postcore_init+0x0/0x20 returned 0 after 0 usecs
[    0.335671] [      T1] calling  kobject_uevent_init+0x0/0x10 @ 1
[    0.335671] [      T1] initcall kobject_uevent_init+0x0/0x10 returned 0 after 0 usecs
[    0.335671] [      T1] entering initcall level: arch
[    0.335671] [      T1] calling  report_snp_info+0x0/0x50 @ 1
[    0.335671] [      T1] initcall report_snp_info+0x0/0x50 returned 0 after 0 usecs
[    0.335671] [      T1] calling  sev_sysfs_init+0x0/0x80 @ 1
[    0.335671] [      T1] initcall sev_sysfs_init+0x0/0x80 returned -19 after 0 usecs
[    0.335671] [      T1] calling  bts_init+0x0/0x110 @ 1
[    0.335671] [      T1] initcall bts_init+0x0/0x110 returned -19 after 0 usecs
[    0.335671] [      T1] calling  pt_init+0x0/0x1a0 @ 1
[    0.335671] [      T1] initcall pt_init+0x0/0x1a0 returned -19 after 0 usecs
[    0.335671] [      T1] calling  init_x86_sysctl+0x0/0x30 @ 1
[    0.335671] [      T1] initcall init_x86_sysctl+0x0/0x30 returned 0 after 0 usecs
[    0.335671] [      T1] calling  boot_params_ksysfs_init+0x0/0x70 @ 1
[    0.335671] [      T1] initcall boot_params_ksysfs_init+0x0/0x70 returned 0 after 0 usecs
[    0.335671] [      T1] calling  sbf_init+0x0/0x50 @ 1
[    0.335671] [      T1] initcall sbf_init+0x0/0x50 returned 0 after 0 usecs
[    0.335671] [      T1] calling  arch_kdebugfs_init+0x0/0x10 @ 1
[    0.335671] [      T1] initcall arch_kdebugfs_init+0x0/0x10 returned 0 after 0 usecs
[    0.335671] [      T1] calling  xfd_update_static_branch+0x0/0x20 @ 1
[    0.335671] [      T1] initcall xfd_update_static_branch+0x0/0x20 returned 0 after 0 usecs
[    0.335671] [      T1] calling  mtrr_if_init+0x0/0x60 @ 1
[    0.335671] [      T1] initcall mtrr_if_init+0x0/0x60 returned 0 after 0 usecs
[    0.335671] [      T1] calling  ffh_cstate_init+0x0/0x40 @ 1
[    0.335671] [      T1] initcall ffh_cstate_init+0x0/0x40 returned 0 after 0 usecs
[    0.335671] [      T1] calling  gigantic_pages_init+0x0/0x20 @ 1
[    0.335671] [      T1] initcall gigantic_pages_init+0x0/0x20 returned 0 after 0 usecs
[    0.335671] [      T1] calling  kcmp_cookies_init+0x0/0x40 @ 1
[    0.335671] [      T1] initcall kcmp_cookies_init+0x0/0x40 returned 0 after 0 usecs
[    0.335671] [      T1] calling  acpi_pci_init+0x0/0x50 @ 1
[    0.335671] [      T1] acpiphp: ACPI Hot Plug PCI Controller Driver version: 0.5
[    0.335671] [      T1] initcall acpi_pci_init+0x0/0x50 returned 0 after 0 usecs
[    0.335671] [      T1] calling  dma_channel_table_init+0x0/0xf0 @ 1
[    0.335671] [      T1] initcall dma_channel_table_init+0x0/0xf0 returned 0 after 0 usecs
[    0.335671] [      T1] calling  dma_bus_init+0x0/0x20 @ 1
[    0.335671] [      T1] initcall dma_bus_init+0x0/0x20 returned 0 after 0 usecs
[    0.335671] [      T1] calling  iommu_dma_init+0x0/0x10 @ 1
[    0.335671] [      T1] initcall iommu_dma_init+0x0/0x10 returned 0 after 0 usecs
[    0.335671] [      T1] calling  dmi_id_init+0x0/0xb0 @ 1
[    0.335671] [      T1] initcall dmi_id_init+0x0/0xb0 returned 0 after 0 usecs
[    0.335671] [      T1] calling  pci_arch_init+0x0/0x70 @ 1
[    0.335671] [      T1] PCI: ECAM [mem 0xe0000000-0xefffffff] (base 0xe0000000) for domain 0000 [bus 00-ff]
[    0.335671] [      T1] PCI: Using configuration type 1 for base access
[    0.335671] [      T1] initcall pci_arch_init+0x0/0x70 returned 0 after 0 usecs
[    0.335671] [      T1] entering initcall level: subsys
[    0.335671] [      T1] calling  init_vdso_image_64+0x0/0x10 @ 1
[    0.335671] [      T1] initcall init_vdso_image_64+0x0/0x10 returned 0 after 0 usecs
[    0.335671] [      T1] calling  init_vdso_image_32+0x0/0x10 @ 1
[    0.335671] [      T1] initcall init_vdso_image_32+0x0/0x10 returned 0 after 0 usecs
[    0.335671] [      T1] calling  fixup_ht_bug+0x0/0xf0 @ 1
[    0.335671] [      T1] initcall fixup_ht_bug+0x0/0xf0 returned 0 after 0 usecs
[    0.335671] [      T1] calling  mtrr_init_finalize+0x0/0x30 @ 1
[    0.335671] [      T1] initcall mtrr_init_finalize+0x0/0x30 returned 0 after 0 usecs
[    0.335671] [      T1] calling  uid_cache_init+0x0/0xd0 @ 1
[    0.335671] [      T1] initcall uid_cache_init+0x0/0xd0 returned 0 after 0 usecs
[    0.335671] [      T1] calling  pid_namespace_sysctl_init+0x0/0x20 @ 1
[    0.335671] [      T1] initcall pid_namespace_sysctl_init+0x0/0x20 returned 0 after 0 usecs
[    0.335671] [      T1] calling  param_sysfs_init+0x0/0x50 @ 1
[    0.335671] [      T1] initcall param_sysfs_init+0x0/0x50 returned 0 after 0 usecs
[    0.335671] [      T1] calling  user_namespace_sysctl_init+0x0/0xe0 @ 1
[    0.335671] [      T1] initcall user_namespace_sysctl_init+0x0/0xe0 returned 0 after 0 usecs
[    0.335671] [      T1] calling  cpu_rt_group_init+0x0/0x20 @ 1
[    0.335671] [      T1] initcall cpu_rt_group_init+0x0/0x20 returned 0 after 0 usecs
[    0.335671] [      T1] calling  cgroup_sysfs_init+0x0/0x20 @ 1
[    0.335671] [      T1] initcall cgroup_sysfs_init+0x0/0x20 returned 0 after 0 usecs
[    0.335671] [      T1] calling  user_namespaces_init+0x0/0x50 @ 1
[    0.335671] [      T1] initcall user_namespaces_init+0x0/0x50 returned 0 after 0 usecs
[    0.335671] [      T1] calling  oom_init+0x0/0x60 @ 1
[    0.335671] [      T1] initcall oom_init+0x0/0x60 returned 0 after 0 usecs
[    0.335671] [      T1] calling  init_user_buckets+0x0/0x30 @ 1
[    0.335671] [      T1] initcall init_user_buckets+0x0/0x30 returned 0 after 0 usecs
[    0.335671] [      T1] calling  init_vm_util_sysctls+0x0/0x30 @ 1
[    0.335671] [      T1] initcall init_vm_util_sysctls+0x0/0x30 returned 0 after 0 usecs
[    0.335671] [      T1] calling  default_bdi_init+0x0/0x30 @ 1
[    0.335671] [      T1] initcall default_bdi_init+0x0/0x30 returned 0 after 0 usecs
[    0.335671] [      T1] calling  cgwb_init+0x0/0x30 @ 1
[    0.335671] [      T1] initcall cgwb_init+0x0/0x30 returned 0 after 0 usecs
[    0.335671] [      T1] calling  percpu_enable_async+0x0/0x10 @ 1
[    0.335671] [      T1] initcall percpu_enable_async+0x0/0x10 returned 0 after 0 usecs
[    0.335671] [      T1] calling  kcompactd_init+0x0/0x60 @ 1
[    0.335671] [      T1] initcall kcompactd_init+0x0/0x60 returned 0 after 0 usecs
[    0.335671] [      T1] calling  init_user_reserve+0x0/0x40 @ 1
[    0.335671] [      T1] initcall init_user_reserve+0x0/0x40 returned 0 after 0 usecs
[    0.335671] [      T1] calling  init_admin_reserve+0x0/0x40 @ 1
[    0.335671] [      T1] initcall init_admin_reserve+0x0/0x40 returned 0 after 0 usecs
[    0.335671] [      T1] calling  init_reserve_notifier+0x0/0x10 @ 1
[    0.335671] [      T1] initcall init_reserve_notifier+0x0/0x10 returned 0 after 0 usecs
[    0.335671] [      T1] calling  swap_init_sysfs+0x0/0x70 @ 1
[    0.335671] [      T1] initcall swap_init_sysfs+0x0/0x70 returned 0 after 0 usecs
[    0.335671] [      T1] calling  swapfile_init+0x0/0xc0 @ 1
[    0.335671] [      T1] initcall swapfile_init+0x0/0xc0 returned 0 after 0 usecs
[    0.335671] [      T1] calling  hugetlb_init+0x0/0x270 @ 1
[    0.335671] [      T1] HugeTLB: allocation took 0ms with hugepage_allocation_threads=6
[    0.335671] [      T1] HugeTLB: registered 1.00 GiB page size, pre-allocated 0 pages
[    0.335671] [      T1] HugeTLB: 16380 KiB vmemmap can be freed for a 1.00 GiB page
[    0.335671] [      T1] HugeTLB: registered 2.00 MiB page size, pre-allocated 0 pages
[    0.335671] [      T1] HugeTLB: 28 KiB vmemmap can be freed for a 2.00 MiB page
[    0.335671] [      T1] initcall hugetlb_init+0x0/0x270 returned 0 after 0 usecs
[    0.335671] [      T1] calling  memory_tier_init+0x0/0xb0 @ 1
[    0.335671] [      T1] initcall memory_tier_init+0x0/0xb0 returned 0 after 0 usecs
[    0.335671] [      T1] calling  numa_init_sysfs+0x0/0x70 @ 1
[    0.335671] [      T1] initcall numa_init_sysfs+0x0/0x70 returned 0 after 0 usecs
[    0.335671] [      T1] calling  hugepage_init+0x0/0x80 @ 1
[    0.335671] [      T1] initcall hugepage_init+0x0/0x80 returned 0 after 0 usecs
[    0.335671] [      T1] calling  mem_cgroup_swap_init+0x0/0x20 @ 1
[    0.335671] [      T1] initcall mem_cgroup_swap_init+0x0/0x20 returned 0 after 0 usecs
[    0.335671] [      T1] calling  init_msg_buckets+0x0/0x30 @ 1
[    0.335671] [      T1] initcall init_msg_buckets+0x0/0x30 returned 0 after 0 usecs
[    0.335671] [      T1] calling  init_bio+0x0/0xd0 @ 1
[    0.335671] [      T1] initcall init_bio+0x0/0xd0 returned 0 after 0 usecs
[    0.335671] [      T1] calling  blk_ioc_init+0x0/0x40 @ 1
[    0.335671] [      T1] initcall blk_ioc_init+0x0/0x40 returned 0 after 0 usecs
[    0.335671] [      T1] calling  blk_mq_init+0x0/0x130 @ 1
[    0.335671] [      T1] initcall blk_mq_init+0x0/0x130 returned 0 after 0 usecs
[    0.335671] [      T1] calling  genhd_device_init+0x0/0x50 @ 1
[    0.335671] [      T1] initcall genhd_device_init+0x0/0x50 returned 0 after 0 usecs
[    0.335671] [      T1] calling  blkcg_punt_bio_init+0x0/0x30 @ 1
[    0.335671] [      T1] initcall blkcg_punt_bio_init+0x0/0x30 returned 0 after 0 usecs
[    0.335671] [      T1] calling  io_wq_init+0x0/0x40 @ 1
[    0.335671] [      T1] initcall io_wq_init+0x0/0x40 returned 0 after 0 usecs
[    0.335671] [      T1] calling  raid6_select_algo+0x0/0x340 @ 1
[    0.335671] [      T1] raid6: skipped pq benchmark and selected avx512x4
[    0.335671] [      T1] raid6: using avx512x2 recovery algorithm
[    0.335671] [      T1] initcall raid6_select_algo+0x0/0x340 returned 0 after 0 usecs
[    0.335671] [      T1] calling  sg_pool_init+0x0/0x120 @ 1
[    0.335671] [      T1] initcall sg_pool_init+0x0/0x120 returned 0 after 0 usecs
[    0.335671] [      T1] calling  blake2s_mod_init+0x0/0x70 @ 1
[    0.335671] [      T1] initcall blake2s_mod_init+0x0/0x70 returned 0 after 0 usecs
[    0.335671] [      T1] calling  sha256_x86_mod_init+0x0/0x90 @ 1
[    0.335671] [      T1] initcall sha256_x86_mod_init+0x0/0x90 returned 0 after 0 usecs
[    0.335671] [      T1] calling  crc32_x86_init+0x0/0xc0 @ 1
[    0.335671] [      T1] initcall crc32_x86_init+0x0/0xc0 returned 0 after 0 usecs
[    0.335671] [      T1] calling  spt_pinctrl_init+0x0/0x10 @ 1
[    0.335671] [      T1] initcall spt_pinctrl_init+0x0/0x10 returned 0 after 0 usecs
[    0.335671] [      T1] calling  pwm_init+0x0/0x30 @ 1
[    0.335671] [      T1] initcall pwm_init+0x0/0x30 returned 0 after 0 usecs
[    0.335671] [      T1] calling  leds_init+0x0/0x40 @ 1
[    0.335671] [      T1] initcall leds_init+0x0/0x40 returned 0 after 0 usecs
[    0.335671] [      T1] calling  pci_slot_init+0x0/0x50 @ 1
[    0.335671] [      T1] initcall pci_slot_init+0x0/0x50 returned 0 after 0 usecs
[    0.335671] [      T1] calling  fbmem_init+0x0/0x70 @ 1
[    0.335671] [      T1] initcall fbmem_init+0x0/0x70 returned 0 after 0 usecs
[    0.335671] [      T1] calling  acpi_init+0x0/0xc0 @ 1
[    0.335671] [      T1] ACPI: Added _OSI(Module Device)
[    0.335671] [      T1] ACPI: Added _OSI(Processor Device)
[    0.335671] [      T1] ACPI: Added _OSI(Processor Aggregator Device)
[    0.339501] [      T1] ACPI: 13 ACPI AML tables successfully acquired and loaded
[    0.343095] [      T1] ACPI: Interpreter enabled
[    0.343095] [      T1] ACPI: PM: (supports S0 S5)
[    0.343095] [      T1] ACPI: Using IOAPIC for interrupt routing
[    0.343539] [      T1] PCI: Using host bridge windows from ACPI; if necessary, use "pci=nocrs" and report a bug
[    0.343540] [      T1] PCI: Ignoring E820 reservations for host bridge windows
[    0.343642] [      T1] ACPI: Enabled 7 GPEs in block 00 to 1F
[    0.344129] [      T1] ACPI: \_SB_.PCI0.GP17.XHC0.P0U0: New power resource
[    0.344418] [      T1] ACPI: \_SB_.PCI0.GP17.XHC1.P0U1: New power resource
[    0.344896] [      T1] ACPI: \_SB_.PCI0.GP19.XHC2.P0U2: New power resource
[    0.345020] [      T1] ACPI: \_SB_.PCI0.GPP0.M237: New power resource
[    0.345032] [      T1] ACPI: \_SB_.PCI0.GPP0.SWUS.M237: New power resource
[    0.345046] [      T1] ACPI: \_SB_.PCI0.GPP0.SWUS.SWDS.M237: New power resource
[    0.345110] [      T1] ACPI: \_SB_.PCI0.GPP1.P0NV: New power resource
[    0.345280] [      T1] ACPI: \_SB_.PCI0.GPP7.PWRS: New power resource
[    0.345344] [      T1] ACPI: \_SB_.PCI0.GPP7.UP00.PWRS: New power resource
[    0.345403] [      T1] ACPI: \_SB_.PCI0.GPP7.UP00.DP00.PWRS: New power resource
[    0.345460] [      T1] ACPI: \_SB_.PCI0.GPP7.UP00.DP00.NV00.PWRS: New power resource
[    0.345522] [      T1] ACPI: \_SB_.PCI0.GPP7.UP00.DP08.PWRS: New power resource
[    0.345562] [      T1] ACPI: \_SB_.PCI0.GPP7.UP00.DP08.EP00.PWRS: New power resource
[    0.345610] [      T1] ACPI: \_SB_.PCI0.GPP7.UP00.DP10.PWRS: New power resource
[    0.345649] [      T1] ACPI: \_SB_.PCI0.GPP7.UP00.DP10.WN00.PWRS: New power resource
[    0.345694] [      T1] ACPI: \_SB_.PCI0.GPP7.UP00.DP18.PWRS: New power resource
[    0.345732] [      T1] ACPI: \_SB_.PCI0.GPP7.UP00.DP18.LN00.PWRS: New power resource
[    0.345777] [      T1] ACPI: \_SB_.PCI0.GPP7.UP00.DP20.PWRS: New power resource
[    0.345861] [      T1] ACPI: \_SB_.PCI0.GPP7.UP00.DP20.NV00.PWRS: New power resource
[    0.345912] [      T1] ACPI: \_SB_.PCI0.GPP7.UP00.DP28.PWRS: New power resource
[    0.345950] [      T1] ACPI: \_SB_.PCI0.GPP7.UP00.DP28.EP00.PWRS: New power resource
[    0.345997] [      T1] ACPI: \_SB_.PCI0.GPP7.UP00.DP30.PWRS: New power resource
[    0.346035] [      T1] ACPI: \_SB_.PCI0.GPP7.UP00.DP30.EP00.PWRS: New power resource
[    0.346079] [      T1] ACPI: \_SB_.PCI0.GPP7.UP00.DP38.PWRS: New power resource
[    0.346116] [      T1] ACPI: \_SB_.PCI0.GPP7.UP00.DP38.EP00.PWRS: New power resource
[    0.346162] [      T1] ACPI: \_SB_.PCI0.GPP7.UP00.DP40.PWRS: New power resource
[    0.346242] [      T1] ACPI: \_SB_.PCI0.GPP7.UP00.DP40.EP00.PWRS: New power resource
[    0.346293] [      T1] ACPI: \_SB_.PCI0.GPP7.UP00.DP48.PWRS: New power resource
[    0.346350] [      T1] ACPI: \_SB_.PCI0.GPP7.UP00.DP48.EP00.PWRS: New power resource
[    0.346406] [      T1] ACPI: \_SB_.PCI0.GPP7.UP00.DP50.PWRS: New power resource
[    0.346486] [      T1] ACPI: \_SB_.PCI0.GPP7.UP00.DP50.EP00.PWRS: New power resource
[    0.346537] [      T1] ACPI: \_SB_.PCI0.GPP7.UP00.DP58.PWRS: New power resource
[    0.346575] [      T1] ACPI: \_SB_.PCI0.GPP7.UP00.DP58.EP00.PWRS: New power resource
[    0.346620] [      T1] ACPI: \_SB_.PCI0.GPP7.UP00.DP60.PWRS: New power resource
[    0.346676] [      T1] ACPI: \_SB_.PCI0.GPP7.UP00.DP60.XH00.PWRS: New power resource
[    0.347319] [      T1] ACPI: \_SB_.PCI0.GPP7.UP00.DP68.PWRS: New power resource
[    0.347377] [      T1] ACPI: \_SB_.PCI0.GPP7.UP00.DP68.SA00.PWRS: New power resource
[    0.348350] [      T1] ACPI: \_SB_.PRWL: New power resource
[    0.348356] [      T1] ACPI: \_SB_.PRWB: New power resource
[    0.348506] [      T1] ACPI: PCI Root Bridge [PCI0] (domain 0000 [bus 00-ff])
[    0.348509] [      T1] acpi PNP0A08:00: _OSC: OS supports [ExtendedConfig ASPM ClockPM Segments MSI HPX-Type3]
[    0.348537] [      T1] acpi PNP0A08:00: _OSC: OS now controls [PCIeHotplug PME AER PCIeCapability LTR]
[    0.348668] [      T1] PCI host bridge to bus 0000:00
[    0.348669] [      T1] pci_bus 0000:00: Unknown NUMA node; performance will be reduced
[    0.348670] [      T1] pci_bus 0000:00: root bus resource [io  0x0000-0x03af window]
[    0.348672] [      T1] pci_bus 0000:00: root bus resource [io  0x03e0-0x0cf7 window]
[    0.348673] [      T1] pci_bus 0000:00: root bus resource [io  0x03b0-0x03df window]
[    0.348674] [      T1] pci_bus 0000:00: root bus resource [io  0x0d00-0xffff window]
[    0.348675] [      T1] pci_bus 0000:00: root bus resource [mem 0x000a0000-0x000dffff window]
[    0.348676] [      T1] pci_bus 0000:00: root bus resource [mem 0xa0000000-0xf6ffffff window]
[    0.348677] [      T1] pci_bus 0000:00: root bus resource [mem 0x2060000000-0xffffffffff window]
[    0.348678] [      T1] pci_bus 0000:00: root bus resource [bus 00-ff]
[    0.348686] [      T1] pci 0000:00:00.0: calling  quirk_mmio_always_on+0x0/0x10 @ 1
[    0.348689] [      T1] pci 0000:00:00.0: quirk_mmio_always_on+0x0/0x10 took 0 usecs
[    0.348691] [      T1] pci 0000:00:00.0: [1022:14d8] type 00 class 0x060000 conventional PCI endpoint
[    0.348741] [      T1] pci 0000:00:00.2: [1022:14d9] type 00 class 0x080600 conventional PCI endpoint
[    0.348786] [      T1] pci 0000:00:01.0: calling  quirk_mmio_always_on+0x0/0x10 @ 1
[    0.348787] [      T1] pci 0000:00:01.0: quirk_mmio_always_on+0x0/0x10 took 0 usecs
[    0.348789] [      T1] pci 0000:00:01.0: [1022:14da] type 00 class 0x060000 conventional PCI endpoint
[    0.348823] [      T1] pci 0000:00:01.1: [1022:14db] type 01 class 0x060400 PCIe Root Port
[    0.348836] [      T1] pci 0000:00:01.1: PCI bridge to [bus 01-03]
[    0.348839] [      T1] pci 0000:00:01.1:   bridge window [io  0xf000-0xffff]
[    0.348841] [      T1] pci 0000:00:01.1:   bridge window [mem 0xf6a00000-0xf6cfffff]
[    0.348846] [      T1] pci 0000:00:01.1:   bridge window [mem 0xf000000000-0xf80fffffff 64bit pref]
[    0.348895] [      T1] pci 0000:00:01.1: PME# supported from D0 D3hot D3cold
[    0.348945] [      T1] pci 0000:00:01.2: [1022:14db] type 01 class 0x060400 PCIe Root Port
[    0.348956] [      T1] pci 0000:00:01.2: PCI bridge to [bus 04]
[    0.348959] [      T1] pci 0000:00:01.2:   bridge window [mem 0xf6f00000-0xf6ffffff]
[    0.349005] [      T1] pci 0000:00:01.2: PME# supported from D0 D3hot D3cold
[    0.349052] [      T1] pci 0000:00:02.0: calling  quirk_mmio_always_on+0x0/0x10 @ 1
[    0.349054] [      T1] pci 0000:00:02.0: quirk_mmio_always_on+0x0/0x10 took 0 usecs
[    0.349055] [      T1] pci 0000:00:02.0: [1022:14da] type 00 class 0x060000 conventional PCI endpoint
[    0.349089] [      T1] pci 0000:00:02.1: [1022:14db] type 01 class 0x060400 PCIe Root Port
[    0.349099] [      T1] pci 0000:00:02.1: PCI bridge to [bus 05-0e]
[    0.349102] [      T1] pci 0000:00:02.1:   bridge window [io  0xd000-0xefff]
[    0.349103] [      T1] pci 0000:00:02.1:   bridge window [mem 0xf6100000-0xf65fffff]
[    0.349108] [      T1] pci 0000:00:02.1:   bridge window [mem 0xf810100000-0xf8102fffff 64bit pref]
[    0.349113] [      T1] pci 0000:00:02.1: enabling Extended Tags
[    0.349152] [      T1] pci 0000:00:02.1: PME# supported from D0 D3hot D3cold
[    0.349362] [      T1] pci 0000:00:02.2: [1022:14db] type 01 class 0x060400 PCIe Root Port
[    0.349373] [      T1] pci 0000:00:02.2: PCI bridge to [bus 0f]
[    0.349376] [      T1] pci 0000:00:02.2:   bridge window [mem 0xf6e00000-0xf6efffff]
[    0.349422] [      T1] pci 0000:00:02.2: PME# supported from D0 D3hot D3cold
[    0.349468] [      T1] pci 0000:00:03.0: calling  quirk_mmio_always_on+0x0/0x10 @ 1
[    0.349469] [      T1] pci 0000:00:03.0: quirk_mmio_always_on+0x0/0x10 took 0 usecs
[    0.349471] [      T1] pci 0000:00:03.0: [1022:14da] type 00 class 0x060000 conventional PCI endpoint
[    0.349508] [      T1] pci 0000:00:04.0: calling  quirk_mmio_always_on+0x0/0x10 @ 1
[    0.349510] [      T1] pci 0000:00:04.0: quirk_mmio_always_on+0x0/0x10 took 0 usecs
[    0.349511] [      T1] pci 0000:00:04.0: [1022:14da] type 00 class 0x060000 conventional PCI endpoint
[    0.349612] [      T1] pci 0000:00:08.0: calling  quirk_mmio_always_on+0x0/0x10 @ 1
[    0.349614] [      T1] pci 0000:00:08.0: quirk_mmio_always_on+0x0/0x10 took 0 usecs
[    0.349615] [      T1] pci 0000:00:08.0: [1022:14da] type 00 class 0x060000 conventional PCI endpoint
[    0.349651] [      T1] pci 0000:00:08.1: [1022:14dd] type 01 class 0x060400 PCIe Root Port
[    0.349660] [      T1] pci 0000:00:08.1: PCI bridge to [bus 10]
[    0.349663] [      T1] pci 0000:00:08.1:   bridge window [mem 0xf6600000-0xf69fffff]
[    0.349670] [      T1] pci 0000:00:08.1: enabling Extended Tags
[    0.349692] [      T1] pci 0000:00:08.1: PME# supported from D0 D3hot D3cold
[    0.349731] [      T1] pci 0000:00:08.3: [1022:14dd] type 01 class 0x060400 PCIe Root Port
[    0.349740] [      T1] pci 0000:00:08.3: PCI bridge to [bus 11]
[    0.349743] [      T1] pci 0000:00:08.3:   bridge window [mem 0xf6d00000-0xf6dfffff]
[    0.349749] [      T1] pci 0000:00:08.3: enabling Extended Tags
[    0.349772] [      T1] pci 0000:00:08.3: PME# supported from D0 D3hot D3cold
[    0.349818] [      T1] pci 0000:00:14.0: [1022:790b] type 00 class 0x0c0500 conventional PCI endpoint
[    0.349872] [      T1] pci 0000:00:14.3: [1022:790e] type 00 class 0x060100 conventional PCI endpoint
[    0.349931] [      T1] pci 0000:00:18.0: calling  quirk_mmio_always_on+0x0/0x10 @ 1
[    0.349932] [      T1] pci 0000:00:18.0: quirk_mmio_always_on+0x0/0x10 took 0 usecs
[    0.349933] [      T1] pci 0000:00:18.0: [1022:14e0] type 00 class 0x060000 conventional PCI endpoint
[    0.349951] [      T1] pci 0000:00:18.1: calling  quirk_mmio_always_on+0x0/0x10 @ 1
[    0.349952] [      T1] pci 0000:00:18.1: quirk_mmio_always_on+0x0/0x10 took 0 usecs
[    0.349954] [      T1] pci 0000:00:18.1: [1022:14e1] type 00 class 0x060000 conventional PCI endpoint
[    0.349970] [      T1] pci 0000:00:18.2: calling  quirk_mmio_always_on+0x0/0x10 @ 1
[    0.349972] [      T1] pci 0000:00:18.2: quirk_mmio_always_on+0x0/0x10 took 0 usecs
[    0.349973] [      T1] pci 0000:00:18.2: [1022:14e2] type 00 class 0x060000 conventional PCI endpoint
[    0.349989] [      T1] pci 0000:00:18.3: calling  quirk_mmio_always_on+0x0/0x10 @ 1
[    0.349991] [      T1] pci 0000:00:18.3: quirk_mmio_always_on+0x0/0x10 took 0 usecs
[    0.349992] [      T1] pci 0000:00:18.3: [1022:14e3] type 00 class 0x060000 conventional PCI endpoint
[    0.350008] [      T1] pci 0000:00:18.4: calling  quirk_mmio_always_on+0x0/0x10 @ 1
[    0.350010] [      T1] pci 0000:00:18.4: quirk_mmio_always_on+0x0/0x10 took 0 usecs
[    0.350011] [      T1] pci 0000:00:18.4: [1022:14e4] type 00 class 0x060000 conventional PCI endpoint
[    0.350027] [      T1] pci 0000:00:18.5: calling  quirk_mmio_always_on+0x0/0x10 @ 1
[    0.350029] [      T1] pci 0000:00:18.5: quirk_mmio_always_on+0x0/0x10 took 0 usecs
[    0.350030] [      T1] pci 0000:00:18.5: [1022:14e5] type 00 class 0x060000 conventional PCI endpoint
[    0.350046] [      T1] pci 0000:00:18.6: calling  quirk_mmio_always_on+0x0/0x10 @ 1
[    0.350048] [      T1] pci 0000:00:18.6: quirk_mmio_always_on+0x0/0x10 took 0 usecs
[    0.350049] [      T1] pci 0000:00:18.6: [1022:14e6] type 00 class 0x060000 conventional PCI endpoint
[    0.350065] [      T1] pci 0000:00:18.7: calling  quirk_mmio_always_on+0x0/0x10 @ 1
[    0.350067] [      T1] pci 0000:00:18.7: quirk_mmio_always_on+0x0/0x10 took 0 usecs
[    0.350068] [      T1] pci 0000:00:18.7: [1022:14e7] type 00 class 0x060000 conventional PCI endpoint
[    0.350134] [      T1] pci 0000:01:00.0: [1002:1478] type 01 class 0x060400 PCIe Switch Upstream Port
[    0.350150] [      T1] pci 0000:01:00.0: BAR 0 [mem 0xf6c00000-0xf6c03fff]
[    0.350153] [      T1] pci 0000:01:00.0: PCI bridge to [bus 02-03]
[    0.350158] [      T1] pci 0000:01:00.0:   bridge window [io  0xf000-0xffff]
[    0.350160] [      T1] pci 0000:01:00.0:   bridge window [mem 0xf6a00000-0xf6bfffff]
[    0.350167] [      T1] pci 0000:01:00.0:   bridge window [mem 0xf000000000-0xf80fffffff 64bit pref]
[    0.350229] [      T1] pci 0000:01:00.0: PME# supported from D0 D3hot D3cold
[    0.350313] [      T1] pci 0000:00:01.1: PCI bridge to [bus 01-03]
[    0.350351] [      T1] pci 0000:02:00.0: [1002:1479] type 01 class 0x060400 PCIe Switch Downstream Port
[    0.350368] [      T1] pci 0000:02:00.0: PCI bridge to [bus 03]
[    0.350372] [      T1] pci 0000:02:00.0:   bridge window [io  0xf000-0xffff]
[    0.350375] [      T1] pci 0000:02:00.0:   bridge window [mem 0xf6a00000-0xf6bfffff]
[    0.350381] [      T1] pci 0000:02:00.0:   bridge window [mem 0xf000000000-0xf80fffffff 64bit pref]
[    0.350442] [      T1] pci 0000:02:00.0: PME# supported from D0 D3hot D3cold
[    0.350553] [      T1] pci 0000:01:00.0: PCI bridge to [bus 02-03]
[    0.350592] [      T1] pci 0000:03:00.0: [1002:744c] type 00 class 0x030000 PCIe Legacy Endpoint
[    0.350619] [      T1] pci 0000:03:00.0: BAR 0 [mem 0xf000000000-0xf7ffffffff 64bit pref]
[    0.350621] [      T1] pci 0000:03:00.0: BAR 2 [mem 0xf800000000-0xf80fffffff 64bit pref]
[    0.350623] [      T1] pci 0000:03:00.0: BAR 4 [io  0xf000-0xf0ff]
[    0.350625] [      T1] pci 0000:03:00.0: BAR 5 [mem 0xf6a00000-0xf6afffff]
[    0.350626] [      T1] pci 0000:03:00.0: ROM [mem 0xf6b00000-0xf6b1ffff pref]
[    0.350647] [      T1] pci 0000:03:00.0: calling  quirk_no_pm_reset+0x0/0x20 @ 1
[    0.350648] [      T1] pci 0000:03:00.0: quirk_no_pm_reset+0x0/0x20 took 0 usecs
[    0.350649] [      T1] pci 0000:03:00.0: calling  screen_info_fixup_lfb+0x0/0x130 @ 1
[    0.350651] [      T1] pci 0000:03:00.0: screen_info_fixup_lfb+0x0/0x130 took 0 usecs
[    0.350652] [      T1] pci 0000:03:00.0: calling  pci_fixup_video+0x0/0xd0 @ 1
[    0.350655] [      T1] pci 0000:03:00.0: pci_fixup_video+0x0/0xd0 took 0 usecs
[    0.350702] [      T1] pci 0000:03:00.0: PME# supported from D1 D2 D3hot D3cold
[    0.350792] [      T1] pci 0000:03:00.1: [1002:ab30] type 00 class 0x040300 PCIe Legacy Endpoint
[    0.350817] [      T1] pci 0000:03:00.1: BAR 0 [mem 0xf6b20000-0xf6b23fff]
[    0.350864] [      T1] pci 0000:03:00.1: PME# supported from D1 D2 D3hot D3cold
[    0.350934] [      T1] pci 0000:02:00.0: PCI bridge to [bus 03]
[    0.350994] [      T1] pci 0000:04:00.0: [144d:a80d] type 00 class 0x010802 PCIe Endpoint
[    0.351013] [      T1] pci 0000:04:00.0: BAR 0 [mem 0xf6f00000-0xf6f03fff 64bit]
[    0.351089] [      T1] pci 0000:04:00.0: 63.014 Gb/s available PCIe bandwidth, limited by 32.0 GT/s PCIe x2 link at 0000:00:01.2 (capable of 126.028 Gb/s with 32.0 GT/s PCIe x4 link)
[    0.351113] [      T1] pci 0000:00:01.2: PCI bridge to [bus 04]
[    0.351161] [      T1] pci 0000:05:00.0: [1022:43f4] type 01 class 0x060400 PCIe Switch Upstream Port
[    0.351176] [      T1] pci 0000:05:00.0: PCI bridge to [bus 06-0e]
[    0.351180] [      T1] pci 0000:05:00.0:   bridge window [io  0xd000-0xefff]
[    0.351182] [      T1] pci 0000:05:00.0:   bridge window [mem 0xf6100000-0xf65fffff]
[    0.351188] [      T1] pci 0000:05:00.0:   bridge window [mem 0xf810100000-0xf8102fffff 64bit pref]
[    0.351195] [      T1] pci 0000:05:00.0: enabling Extended Tags
[    0.351235] [      T1] pci 0000:05:00.0: PME# supported from D0 D3hot D3cold
[    0.351525] [      T1] pci 0000:00:02.1: PCI bridge to [bus 05-0e]
[    0.351572] [      T1] pci 0000:06:00.0: [1022:43f5] type 01 class 0x060400 PCIe Switch Downstream Port
[    0.351588] [      T1] pci 0000:06:00.0: PCI bridge to [bus 07-08]
[    0.351592] [      T1] pci 0000:06:00.0:   bridge window [io  0xe000-0xefff]
[    0.351593] [      T1] pci 0000:06:00.0:   bridge window [mem 0xf6100000-0xf62fffff]
[    0.351600] [      T1] pci 0000:06:00.0:   bridge window [mem 0xf810100000-0xf8102fffff 64bit pref]
[    0.351608] [      T1] pci 0000:06:00.0: enabling Extended Tags
[    0.351649] [      T1] pci 0000:06:00.0: PME# supported from D0 D3hot D3cold
[    0.351864] [      T1] pci 0000:06:04.0: [1022:43f5] type 01 class 0x060400 PCIe Switch Downstream Port
[    0.351879] [      T1] pci 0000:06:04.0: PCI bridge to [bus 09]
[    0.351896] [      T1] pci 0000:06:04.0: enabling Extended Tags
[    0.351939] [      T1] pci 0000:06:04.0: PME# supported from D0 D3hot D3cold
[    0.352000] [      T1] pci 0000:06:08.0: [1022:43f5] type 01 class 0x060400 PCIe Switch Downstream Port
[    0.352016] [      T1] pci 0000:06:08.0: PCI bridge to [bus 0a]
[    0.352033] [      T1] pci 0000:06:08.0: enabling Extended Tags
[    0.352045] [      T1] pci 0000:06:08.0: broken device, retraining non-functional downstream link at 2.5GT/s
[    1.351522] [      T1] pci 0000:06:08.0: retraining failed
[    1.351557] [      T1] pci 0000:06:08.0: PME# supported from D0 D3hot D3cold
[    1.351617] [      T1] pci 0000:06:09.0: [1022:43f5] type 01 class 0x060400 PCIe Switch Downstream Port
[    1.351633] [      T1] pci 0000:06:09.0: PCI bridge to [bus 0b]
[    1.351636] [      T1] pci 0000:06:09.0:   bridge window [io  0xd000-0xdfff]
[    1.351638] [      T1] pci 0000:06:09.0:   bridge window [mem 0xf6500000-0xf65fffff]
[    1.351652] [      T1] pci 0000:06:09.0: enabling Extended Tags
[    1.351693] [      T1] pci 0000:06:09.0: PME# supported from D0 D3hot D3cold
[    1.351906] [      T1] pci 0000:06:0a.0: [1022:43f5] type 01 class 0x060400 PCIe Switch Downstream Port
[    1.351922] [      T1] pci 0000:06:0a.0: PCI bridge to [bus 0c]
[    1.351939] [      T1] pci 0000:06:0a.0: enabling Extended Tags
[    1.351981] [      T1] pci 0000:06:0a.0: PME# supported from D0 D3hot D3cold
[    1.352043] [      T1] pci 0000:06:0c.0: [1022:43f5] type 01 class 0x060400 PCIe Switch Downstream Port
[    1.352058] [      T1] pci 0000:06:0c.0: PCI bridge to [bus 0d]
[    1.352062] [      T1] pci 0000:06:0c.0:   bridge window [mem 0xf6400000-0xf64fffff]
[    1.352074] [      T1] pci 0000:06:0c.0: enabling Extended Tags
[    1.352102] [      T1] pci 0000:06:0c.0: PME# supported from D0 D3hot D3cold
[    1.352299] [      T1] pci 0000:06:0d.0: [1022:43f5] type 01 class 0x060400 PCIe Switch Downstream Port
[    1.352314] [      T1] pci 0000:06:0d.0: PCI bridge to [bus 0e]
[    1.352318] [      T1] pci 0000:06:0d.0:   bridge window [mem 0xf6300000-0xf63fffff]
[    1.352331] [      T1] pci 0000:06:0d.0: enabling Extended Tags
[    1.352358] [      T1] pci 0000:06:0d.0: PME# supported from D0 D3hot D3cold
[    1.352548] [      T1] pci 0000:05:00.0: PCI bridge to [bus 06-0e]
[    1.352597] [      T1] pci 0000:07:00.0: calling  quirk_f0_vpd_link+0x0/0x60 @ 1
[    1.352599] [      T1] pci 0000:07:00.0: quirk_f0_vpd_link+0x0/0x60 took 0 usecs
[    1.352601] [      T1] pci 0000:07:00.0: [8086:1557] type 00 class 0x020000 PCIe Endpoint
[    1.352645] [      T1] pci 0000:07:00.0: BAR 0 [mem 0xf6180000-0xf61fffff 64bit pref]
[    1.352647] [      T1] pci 0000:07:00.0: BAR 2 [io  0xe000-0xe01f]
[    1.352651] [      T1] pci 0000:07:00.0: BAR 4 [mem 0xf6200000-0xf6203fff 64bit pref]
[    1.352653] [      T1] pci 0000:07:00.0: ROM [mem 0xf6100000-0xf617ffff pref]
[    1.352672] [      T1] pci 0000:07:00.0: calling  quirk_igfx_skip_te_disable+0x0/0xa0 @ 1
[    1.352674] [      T1] pci 0000:07:00.0: quirk_igfx_skip_te_disable+0x0/0xa0 took 0 usecs
[    1.352730] [      T1] pci 0000:07:00.0: PME# supported from D0 D3hot D3cold
[    1.352883] [      T1] pci 0000:07:00.0: VF BAR 0 [mem 0xf810200000-0xf810203fff 64bit pref]
[    1.352884] [      T1] pci 0000:07:00.0: VF BAR 0 [mem 0xf810200000-0xf8102fffff 64bit pref]: contains BAR 0 for 64 VFs
[    1.352888] [      T1] pci 0000:07:00.0: VF BAR 3 [mem 0xf810100000-0xf810103fff 64bit pref]
[    1.352889] [      T1] pci 0000:07:00.0: VF BAR 3 [mem 0xf810100000-0xf8101fffff 64bit pref]: contains BAR 3 for 64 VFs
[    1.353128] [      T1] pci 0000:07:00.0: 16.000 Gb/s available PCIe bandwidth, limited by 5.0 GT/s PCIe x4 link at 0000:06:00.0 (capable of 32.000 Gb/s with 5.0 GT/s PCIe x8 link)
[    1.353159] [      T1] pci 0000:06:00.0: PCI bridge to [bus 07-08]
[    1.353187] [      T1] pci 0000:06:04.0: PCI bridge to [bus 09]
[    1.353213] [      T1] pci 0000:06:08.0: PCI bridge to [bus 0a]
[    1.353261] [      T1] pci 0000:0b:00.0: calling  fixup_mpss_256+0x0/0x10 @ 1
[    1.353262] [      T1] pci 0000:0b:00.0: fixup_mpss_256+0x0/0x10 took 0 usecs
[    1.353263] [      T1] pci 0000:0b:00.0: [1b21:0612] type 00 class 0x010601 PCIe Legacy Endpoint
[    1.353314] [      T1] pci 0000:0b:00.0: BAR 0 [io  0xd050-0xd057]
[    1.353316] [      T1] pci 0000:0b:00.0: BAR 1 [io  0xd040-0xd043]
[    1.353319] [      T1] pci 0000:0b:00.0: BAR 2 [io  0xd030-0xd037]
[    1.353321] [      T1] pci 0000:0b:00.0: BAR 3 [io  0xd020-0xd023]
[    1.353323] [      T1] pci 0000:0b:00.0: BAR 4 [io  0xd000-0xd01f]
[    1.353325] [      T1] pci 0000:0b:00.0: BAR 5 [mem 0xf6500000-0xf65001ff]
[    1.353543] [      T1] pci 0000:06:09.0: PCI bridge to [bus 0b]
[    1.353569] [      T1] pci 0000:06:0a.0: PCI bridge to [bus 0c]
[    1.353605] [      T1] pci 0000:0d:00.0: [1022:43fc] type 00 class 0x0c0330 PCIe Legacy Endpoint
[    1.353628] [      T1] pci 0000:0d:00.0: BAR 0 [mem 0xf6400000-0xf6407fff 64bit]
[    1.353635] [      T1] pci 0000:0d:00.0: enabling Extended Tags
[    1.353665] [      T1] pci 0000:0d:00.0: PME# supported from D0 D3hot D3cold
[    1.353809] [      T1] pci 0000:06:0c.0: PCI bridge to [bus 0d]
[    1.353842] [      T1] pci 0000:0e:00.0: [1022:43f6] type 00 class 0x010601 PCIe Legacy Endpoint
[    1.353868] [      T1] pci 0000:0e:00.0: BAR 5 [mem 0xf6380000-0xf63803ff]
[    1.353869] [      T1] pci 0000:0e:00.0: ROM [mem 0xf6300000-0xf637ffff pref]
[    1.353874] [      T1] pci 0000:0e:00.0: enabling Extended Tags
[    1.353898] [      T1] pci 0000:0e:00.0: PME# supported from D0 D3hot D3cold
[    1.354032] [      T1] pci 0000:06:0d.0: PCI bridge to [bus 0e]
[    1.354107] [      T1] pci 0000:0f:00.0: [144d:a80d] type 00 class 0x010802 PCIe Endpoint
[    1.354134] [      T1] pci 0000:0f:00.0: BAR 0 [mem 0xf6e00000-0xf6e03fff 64bit]
[    1.354262] [      T1] pci 0000:00:02.2: PCI bridge to [bus 0f]
[    1.354305] [      T1] pci 0000:10:00.0: [1022:14de] type 00 class 0x130000 PCIe Legacy Endpoint
[    1.354323] [      T1] pci 0000:10:00.0: enabling Extended Tags
[    1.354378] [      T1] pci 0000:10:00.2: [1022:1649] type 00 class 0x108000 PCIe Endpoint
[    1.354413] [      T1] pci 0000:10:00.2: BAR 2 [mem 0xf6800000-0xf68fffff]
[    1.354415] [      T1] pci 0000:10:00.2: BAR 5 [mem 0xf6908000-0xf6909fff]
[    1.354418] [      T1] pci 0000:10:00.2: enabling Extended Tags
[    1.354465] [      T1] pci 0000:10:00.3: [1022:15b6] type 00 class 0x0c0330 PCIe Endpoint
[    1.354480] [      T1] pci 0000:10:00.3: BAR 0 [mem 0xf6700000-0xf67fffff 64bit]
[    1.354485] [      T1] pci 0000:10:00.3: enabling Extended Tags
[    1.354505] [      T1] pci 0000:10:00.3: PME# supported from D0 D3hot D3cold
[    1.354535] [      T1] pci 0000:10:00.4: [1022:15b7] type 00 class 0x0c0330 PCIe Endpoint
[    1.354550] [      T1] pci 0000:10:00.4: BAR 0 [mem 0xf6600000-0xf66fffff 64bit]
[    1.354555] [      T1] pci 0000:10:00.4: enabling Extended Tags
[    1.354575] [      T1] pci 0000:10:00.4: PME# supported from D0 D3hot D3cold
[    1.354606] [      T1] pci 0000:10:00.6: [1022:15e3] type 00 class 0x040300 PCIe Endpoint
[    1.354620] [      T1] pci 0000:10:00.6: BAR 0 [mem 0xf6900000-0xf6907fff]
[    1.354625] [      T1] pci 0000:10:00.6: enabling Extended Tags
[    1.354644] [      T1] pci 0000:10:00.6: PME# supported from D0 D3hot D3cold
[    1.354678] [      T1] pci 0000:00:08.1: PCI bridge to [bus 10]
[    1.354699] [      T1] pci 0000:11:00.0: [1022:15b8] type 00 class 0x0c0330 PCIe Endpoint
[    1.354719] [      T1] pci 0000:11:00.0: BAR 0 [mem 0xf6d00000-0xf6dfffff 64bit]
[    1.354723] [      T1] pci 0000:11:00.0: enabling Extended Tags
[    1.354749] [      T1] pci 0000:11:00.0: PME# supported from D0 D3hot D3cold
[    1.354784] [      T1] pci 0000:00:08.3: PCI bridge to [bus 11]
[    1.355636] [      T1] ACPI: PCI: Interrupt link LNKA configured for IRQ 0
[    1.355650] [      T1] ACPI: PCI: Interrupt link LNKB configured for IRQ 0
[    1.355661] [      T1] ACPI: PCI: Interrupt link LNKC configured for IRQ 0
[    1.355676] [      T1] ACPI: PCI: Interrupt link LNKD configured for IRQ 0
[    1.355688] [      T1] ACPI: PCI: Interrupt link LNKE configured for IRQ 0
[    1.355699] [      T1] ACPI: PCI: Interrupt link LNKF configured for IRQ 0
[    1.355709] [      T1] ACPI: PCI: Interrupt link LNKG configured for IRQ 0
[    1.355720] [      T1] ACPI: PCI: Interrupt link LNKH configured for IRQ 0
[    1.355953] [      T1] initcall acpi_init+0x0/0xc0 returned 0 after 1020000 usecs
[    1.355955] [      T1] calling  acpi_hed_driver_init+0x0/0x10 @ 1
[    1.355963] [      T1] initcall acpi_hed_driver_init+0x0/0x10 returned 0 after 0 usecs
[    1.355964] [      T1] calling  pnp_init+0x0/0x10 @ 1
[    1.355967] [      T1] initcall pnp_init+0x0/0x10 returned 0 after 0 usecs
[    1.355967] [      T1] calling  dw_init+0x0/0x10 @ 1
[    1.355970] [      T1] initcall dw_init+0x0/0x10 returned 0 after 0 usecs
[    1.355971] [      T1] calling  misc_init+0x0/0xa0 @ 1
[    1.355973] [      T1] initcall misc_init+0x0/0xa0 returned 0 after 0 usecs
[    1.355974] [      T1] calling  iommu_subsys_init+0x0/0x120 @ 1
[    1.355976] [      T1] iommu: Default domain type: Translated
[    1.355977] [      T1] iommu: DMA domain TLB invalidation policy: strict mode
[    1.355978] [      T1] initcall iommu_subsys_init+0x0/0x120 returned 0 after 0 usecs
[    1.355979] [      T1] calling  register_cpu_capacity_sysctl+0x0/0x30 @ 1
[    1.355985] [      T1] initcall register_cpu_capacity_sysctl+0x0/0x30 returned 0 after 0 usecs
[    1.355985] [      T1] calling  dma_buf_init+0x0/0x20 @ 1
[    1.355985] [      T1] initcall dma_buf_init+0x0/0x20 returned 0 after 0 usecs
[    1.355985] [      T1] calling  init_scsi+0x0/0x70 @ 1
[    1.355985] [      T1] SCSI subsystem initialized
[    1.355985] [      T1] initcall init_scsi+0x0/0x70 returned 0 after 0 usecs
[    1.355985] [      T1] calling  ata_init+0x0/0x30 @ 1
[    1.355985] [      T1] libata version 3.00 loaded.
[    1.355985] [      T1] initcall ata_init+0x0/0x30 returned 0 after 0 usecs
[    1.355985] [      T1] calling  mdio_bus_init+0x0/0x40 @ 1
[    1.355985] [      T1] initcall mdio_bus_init+0x0/0x40 returned 0 after 0 usecs
[    1.355985] [      T1] calling  phy_init+0x0/0x280 @ 1
[    1.355985] [      T1] initcall phy_init+0x0/0x280 returned 0 after 0 usecs
[    1.355985] [      T1] calling  usb_common_init+0x0/0x10 @ 1
[    1.355985] [      T1] initcall usb_common_init+0x0/0x10 returned 0 after 0 usecs
[    1.355985] [      T1] calling  usb_init+0x0/0x120 @ 1
[    1.355985] [      T1] ACPI: bus type USB registered
[    1.355985] [      T1] usbcore: registered new interface driver usbfs
[    1.355985] [      T1] usbcore: registered new interface driver hub
[    1.355985] [      T1] usbcore: registered new device driver usb
[    1.355985] [      T1] initcall usb_init+0x0/0x120 returned 0 after 0 usecs
[    1.355985] [      T1] calling  usb_udc_init+0x0/0x40 @ 1
[    1.355985] [      T1] initcall usb_udc_init+0x0/0x40 returned 0 after 0 usecs
[    1.355985] [      T1] calling  serio_init+0x0/0x30 @ 1
[    1.355985] [      T1] initcall serio_init+0x0/0x30 returned 0 after 0 usecs
[    1.355985] [      T1] calling  input_init+0x0/0x80 @ 1
[    1.355985] [      T1] initcall input_init+0x0/0x80 returned 0 after 0 usecs
[    1.355985] [      T1] calling  rtc_init+0x0/0x20 @ 1
[    1.355985] [      T1] initcall rtc_init+0x0/0x20 returned 0 after 0 usecs
[    1.355985] [      T1] calling  dw_i2c_init_driver+0x0/0x10 @ 1
[    1.357586] [      T1] probe of AMDI0010:00 returned 0 after 2000 usecs
[    1.359011] [      T1] probe of AMDI0010:01 returned 0 after 1000 usecs
[    1.359102] [      T1] initcall dw_i2c_init_driver+0x0/0x10 returned 0 after 3000 usecs
[    1.359103] [      T1] calling  media_devnode_init+0x0/0x70 @ 1
[    1.359104] [      T1] mc: Linux media interface: v0.10
[    1.359107] [      T1] initcall media_devnode_init+0x0/0x70 returned 0 after 0 usecs
[    1.359108] [      T1] calling  v4l2_async_init+0x0/0x10 @ 1
[    1.359109] [      T1] initcall v4l2_async_init+0x0/0x10 returned 0 after 0 usecs
[    1.359110] [      T1] calling  videodev_init+0x0/0x80 @ 1
[    1.359110] [      T1] videodev: Linux video capture interface: v2.00
[    1.359112] [      T1] initcall videodev_init+0x0/0x80 returned 0 after 0 usecs
[    1.359113] [      T1] calling  init_dvbdev+0x0/0xc0 @ 1
[    1.359114] [      T1] initcall init_dvbdev+0x0/0xc0 returned 0 after 0 usecs
[    1.359115] [      T1] calling  cec_devnode_init+0x0/0x70 @ 1
[    1.359117] [      T1] initcall cec_devnode_init+0x0/0x70 returned 0 after 0 usecs
[    1.359118] [      T1] calling  power_supply_class_init+0x0/0x20 @ 1
[    1.359121] [      T1] initcall power_supply_class_init+0x0/0x20 returned 0 after 0 usecs
[    1.359122] [      T1] calling  hwmon_init+0x0/0x30 @ 1
[    1.359125] [      T1] initcall hwmon_init+0x0/0x30 returned 0 after 0 usecs
[    1.359125] [      T1] calling  intel_tcc_init+0x0/0x30 @ 1
[    1.359127] [      T1] initcall intel_tcc_init+0x0/0x30 returned 0 after 0 usecs
[    1.359128] [      T1] calling  md_init+0x0/0x150 @ 1
[    1.359134] [      T1] initcall md_init+0x0/0x150 returned 0 after 0 usecs
[    1.359134] [      T1] calling  edac_init+0x0/0x80 @ 1
[    1.359134] [      T1] EDAC MC: Ver: 3.0.0
[    1.359134] [      T1] initcall edac_init+0x0/0x80 returned 0 after 0 usecs
[    1.359134] [      T1] calling  dmi_init+0x0/0x120 @ 1
[    1.359134] [      T1] initcall dmi_init+0x0/0x120 returned 0 after 0 usecs
[    1.359134] [      T1] calling  efisubsys_init+0x0/0x2f0 @ 1
[    1.359134] [      T1] efivars: Registered efivars operations
[    1.359134] [      T1] initcall efisubsys_init+0x0/0x2f0 returned 0 after 0 usecs
[    1.359134] [      T1] calling  iio_init+0x0/0x70 @ 1
[    1.359134] [      T1] initcall iio_init+0x0/0x70 returned 0 after 0 usecs
[    1.359134] [      T1] calling  ras_init+0x0/0x10 @ 1
[    1.359134] [      T1] initcall ras_init+0x0/0x10 returned 0 after 0 usecs
[    1.359134] [      T1] calling  nvmem_init+0x0/0x10 @ 1
[    1.359134] [      T1] initcall nvmem_init+0x0/0x10 returned 0 after 0 usecs
[    1.359134] [      T1] calling  init_soundcore+0x0/0x10 @ 1
[    1.359134] [      T1] initcall init_soundcore+0x0/0x10 returned 0 after 0 usecs
[    1.359134] [      T1] calling  alsa_sound_init+0x0/0x90 @ 1
[    1.359134] [      T1] Advanced Linux Sound Architecture Driver Initialized.
[    1.359134] [      T1] initcall alsa_sound_init+0x0/0x90 returned 0 after 0 usecs
[    1.359134] [      T1] calling  alsa_seq_device_init+0x0/0x30 @ 1
[    1.359134] [      T1] initcall alsa_seq_device_init+0x0/0x30 returned 0 after 0 usecs
[    1.359134] [      T1] calling  hda_bus_init+0x0/0x10 @ 1
[    1.359134] [      T1] initcall hda_bus_init+0x0/0x10 returned 0 after 0 usecs
[    1.359134] [      T1] calling  proto_init+0x0/0x10 @ 1
[    1.359134] [      T1] initcall proto_init+0x0/0x10 returned 0 after 0 usecs
[    1.359134] [      T1] calling  net_dev_init+0x0/0x2b0 @ 1
[    1.359134] [      T1] initcall net_dev_init+0x0/0x2b0 returned 0 after 0 usecs
[    1.359134] [      T1] calling  neigh_init+0x0/0x20 @ 1
[    1.359134] [      T1] initcall neigh_init+0x0/0x20 returned 0 after 0 usecs
[    1.359134] [      T1] calling  fib_notifier_init+0x0/0x10 @ 1
[    1.359134] [      T1] initcall fib_notifier_init+0x0/0x10 returned 0 after 0 usecs
[    1.359134] [      T1] calling  netdev_genl_init+0x0/0x40 @ 1
[    1.359134] [      T1] initcall netdev_genl_init+0x0/0x40 returned 0 after 0 usecs
[    1.359134] [      T1] calling  pktsched_init+0x0/0x80 @ 1
[    1.359134] [      T1] initcall pktsched_init+0x0/0x80 returned 0 after 0 usecs
[    1.359134] [      T1] calling  tc_filter_init+0x0/0x70 @ 1
[    1.359134] [      T1] initcall tc_filter_init+0x0/0x70 returned 0 after 0 usecs
[    1.359134] [      T1] calling  tc_action_init+0x0/0x20 @ 1
[    1.359134] [      T1] initcall tc_action_init+0x0/0x20 returned 0 after 0 usecs
[    1.359134] [      T1] calling  ethnl_init+0x0/0x50 @ 1
[    1.359134] [      T1] initcall ethnl_init+0x0/0x50 returned 0 after 0 usecs
[    1.359134] [      T1] calling  nexthop_init+0x0/0x30 @ 1
[    1.359134] [      T1] initcall nexthop_init+0x0/0x30 returned 0 after 0 usecs
[    1.359134] [      T1] calling  devlink_init+0x0/0x60 @ 1
[    1.359134] [      T1] initcall devlink_init+0x0/0x60 returned 0 after 0 usecs
[    1.359134] [      T1] calling  pci_subsys_init+0x0/0xd0 @ 1
[    1.359134] [      T1] PCI: Using ACPI for IRQ routing
[    1.365226] [      T1] PCI: pci_cache_line_size set to 64 bytes
[    1.365284] [      T1] e820: reserve RAM buffer [mem 0x09aff000-0x0bffffff]
[    1.365286] [      T1] e820: reserve RAM buffer [mem 0x0a200000-0x0bffffff]
[    1.365287] [      T1] e820: reserve RAM buffer [mem 0x0b000000-0x0bffffff]
[    1.365287] [      T1] e820: reserve RAM buffer [mem 0x7df2b000-0x7fffffff]
[    1.365288] [      T1] e820: reserve RAM buffer [mem 0x8567f000-0x87ffffff]
[    1.365289] [      T1] e820: reserve RAM buffer [mem 0x99ff7000-0x9bffffff]
[    1.365290] [      T1] e820: reserve RAM buffer [mem 0x9a000000-0x9bffffff]
[    1.365290] [      T1] e820: reserve RAM buffer [mem 0x205dd80000-0x205fffffff]
[    1.365291] [      T1] initcall pci_subsys_init+0x0/0xd0 returned 0 after 6000 usecs
[    1.365293] [      T1] calling  vsprintf_init_hashval+0x0/0x10 @ 1
[    1.365294] [      T1] initcall vsprintf_init_hashval+0x0/0x10 returned 0 after 0 usecs
[    1.365295] [      T1] calling  intel_idle_init+0x0/0x220 @ 1
[    1.365297] [      T1] initcall intel_idle_init+0x0/0x220 returned -19 after 0 usecs
[    1.365298] [      T1] calling  acpi_wmi_init+0x0/0x80 @ 1
[    1.365324] [      T1] probe of PNP0C14:00 returned 0 after 0 usecs
[    1.365326] [      T1] initcall acpi_wmi_init+0x0/0x80 returned 0 after 0 usecs
[    1.365331] [      T1] entering initcall level: fs
[    1.365332] [      T1] calling  nmi_warning_debugfs+0x0/0x10 @ 1
[    1.365333] [      T1] initcall nmi_warning_debugfs+0x0/0x10 returned 0 after 0 usecs
[    1.365334] [      T1] calling  hpet_late_init+0x0/0x120 @ 1
[    1.365336] [      T1] hpet0: at MMIO 0xfed00000, IRQs 2, 8, 0
[    1.365344] [      T1] hpet0: 3 comparators, 32-bit 14.318180 MHz counter
[    1.366517] [      T1] initcall hpet_late_init+0x0/0x120 returned 0 after 2000 usecs
[    1.366518] [      T1] calling  init_amd_nbs+0x0/0x240 @ 1
[    1.366521] [      T1] initcall init_amd_nbs+0x0/0x240 returned 0 after 0 usecs
[    1.366522] [      T1] calling  amd_smn_init+0x0/0x130 @ 1
[    1.366525] [      T1] initcall amd_smn_init+0x0/0x130 returned 0 after 0 usecs
[    1.366526] [      T1] calling  iomem_init_inode+0x0/0x80 @ 1
[    1.366530] [      T1] initcall iomem_init_inode+0x0/0x80 returned 0 after 0 usecs
[    1.366531] [      T1] calling  clocksource_done_booting+0x0/0x40 @ 1
[    1.366545] [      T1] clocksource: Switched to clocksource tsc-early
[    1.366547] [      T1] initcall clocksource_done_booting+0x0/0x40 returned 0 after 3 usecs
[    1.366548] [      T1] calling  secretmem_init+0x0/0x40 @ 1
[    1.366551] [      T1] initcall secretmem_init+0x0/0x40 returned 0 after 1 usecs
[    1.366552] [      T1] calling  init_fs_stat_sysctls+0x0/0x30 @ 1
[    1.366555] [      T1] initcall init_fs_stat_sysctls+0x0/0x30 returned 0 after 2 usecs
[    1.366556] [      T1] calling  init_fs_exec_sysctls+0x0/0x30 @ 1
[    1.366558] [      T1] initcall init_fs_exec_sysctls+0x0/0x30 returned 0 after 0 usecs
[    1.366559] [      T1] calling  init_pipe_fs+0x0/0x70 @ 1
[    1.366563] [      T1] initcall init_pipe_fs+0x0/0x70 returned 0 after 3 usecs
[    1.366564] [      T1] calling  init_fs_namei_sysctls+0x0/0x30 @ 1
[    1.366566] [      T1] initcall init_fs_namei_sysctls+0x0/0x30 returned 0 after 1 usecs
[    1.366567] [      T1] calling  init_fs_dcache_sysctls+0x0/0x50 @ 1
[    1.366569] [      T1] initcall init_fs_dcache_sysctls+0x0/0x50 returned 0 after 1 usecs
[    1.366570] [      T1] calling  init_fs_namespace_sysctls+0x0/0x30 @ 1
[    1.366571] [      T1] initcall init_fs_namespace_sysctls+0x0/0x30 returned 0 after 0 usecs
[    1.366572] [      T1] calling  cgroup_writeback_init+0x0/0x30 @ 1
[    1.366577] [      T1] initcall cgroup_writeback_init+0x0/0x30 returned 0 after 3 usecs
[    1.366578] [      T1] calling  inotify_user_setup+0x0/0xf0 @ 1
[    1.366581] [      T1] initcall inotify_user_setup+0x0/0xf0 returned 0 after 2 usecs
[    1.366582] [      T1] calling  eventpoll_init+0x0/0x120 @ 1
[    1.366585] [      T1] initcall eventpoll_init+0x0/0x120 returned 0 after 1 usecs
[    1.366586] [      T1] calling  anon_inode_init+0x0/0x60 @ 1
[    1.366588] [      T1] initcall anon_inode_init+0x0/0x60 returned 0 after 1 usecs
[    1.366590] [      T1] calling  proc_locks_init+0x0/0x30 @ 1
[    1.366591] [      T1] initcall proc_locks_init+0x0/0x30 returned 0 after 0 usecs
[    1.366592] [      T1] calling  backing_aio_init+0x0/0x50 @ 1
[    1.366593] [      T1] initcall backing_aio_init+0x0/0x50 returned 0 after 0 usecs
[    1.366594] [      T1] calling  init_fs_coredump_sysctls+0x0/0x30 @ 1
[    1.366597] [      T1] initcall init_fs_coredump_sysctls+0x0/0x30 returned 0 after 1 usecs
[    1.366598] [      T1] calling  init_vm_drop_caches_sysctls+0x0/0x30 @ 1
[    1.366600] [      T1] initcall init_vm_drop_caches_sysctls+0x0/0x30 returned 0 after 0 usecs
[    1.366601] [      T1] calling  iomap_dio_init+0x0/0x30 @ 1
[    1.366604] [      T1] initcall iomap_dio_init+0x0/0x30 returned 0 after 1 usecs
[    1.366605] [      T1] calling  iomap_ioend_init+0x0/0x20 @ 1
[    1.366609] [      T1] initcall iomap_ioend_init+0x0/0x20 returned 0 after 3 usecs
[    1.366610] [      T1] calling  proc_cmdline_init+0x0/0x30 @ 1
[    1.366612] [      T1] initcall proc_cmdline_init+0x0/0x30 returned 0 after 0 usecs
[    1.366613] [      T1] calling  proc_consoles_init+0x0/0x20 @ 1
[    1.366614] [      T1] initcall proc_consoles_init+0x0/0x20 returned 0 after 0 usecs
[    1.366616] [      T1] calling  proc_cpuinfo_init+0x0/0x20 @ 1
[    1.366617] [      T1] initcall proc_cpuinfo_init+0x0/0x20 returned 0 after 0 usecs
[    1.366618] [      T1] calling  proc_devices_init+0x0/0x30 @ 1
[    1.366620] [      T1] initcall proc_devices_init+0x0/0x30 returned 0 after 0 usecs
[    1.366621] [      T1] calling  proc_interrupts_init+0x0/0x20 @ 1
[    1.366623] [      T1] initcall proc_interrupts_init+0x0/0x20 returned 0 after 0 usecs
[    1.366625] [      T1] calling  proc_loadavg_init+0x0/0x30 @ 1
[    1.366627] [      T1] initcall proc_loadavg_init+0x0/0x30 returned 0 after 0 usecs
[    1.366628] [      T1] calling  proc_meminfo_init+0x0/0x30 @ 1
[    1.366630] [      T1] initcall proc_meminfo_init+0x0/0x30 returned 0 after 0 usecs
[    1.366631] [      T1] calling  proc_stat_init+0x0/0x20 @ 1
[    1.366632] [      T1] initcall proc_stat_init+0x0/0x20 returned 0 after 0 usecs
[    1.366633] [      T1] calling  proc_uptime_init+0x0/0x30 @ 1
[    1.366635] [      T1] initcall proc_uptime_init+0x0/0x30 returned 0 after 0 usecs
[    1.366636] [      T1] calling  proc_version_init+0x0/0x30 @ 1
[    1.366637] [      T1] initcall proc_version_init+0x0/0x30 returned 0 after 0 usecs
[    1.366638] [      T1] calling  proc_softirqs_init+0x0/0x30 @ 1
[    1.366640] [      T1] initcall proc_softirqs_init+0x0/0x30 returned 0 after 0 usecs
[    1.366643] [      T1] calling  proc_kmsg_init+0x0/0x20 @ 1
[    1.366645] [      T1] initcall proc_kmsg_init+0x0/0x20 returned 0 after 0 usecs
[    1.366646] [      T1] calling  init_ramfs_fs+0x0/0x10 @ 1
[    1.366648] [      T1] initcall init_ramfs_fs+0x0/0x10 returned 0 after 0 usecs
[    1.366650] [      T1] calling  init_hugetlbfs_fs+0x0/0x130 @ 1
[    1.366658] [      T1] initcall init_hugetlbfs_fs+0x0/0x130 returned 0 after 6 usecs
[    1.366659] [      T1] calling  acpi_event_init+0x0/0x30 @ 1
[    1.366661] [      T1] initcall acpi_event_init+0x0/0x30 returned 0 after 0 usecs
[    1.366662] [      T1] calling  pnp_system_init+0x0/0x10 @ 1
[    1.366665] [      T1] initcall pnp_system_init+0x0/0x10 returned 0 after 1 usecs
[    1.366666] [      T1] calling  pnpacpi_init+0x0/0x70 @ 1
[    1.366666] [      T1] pnp: PnP ACPI init
[    1.366669] [      T1] system 00:00: [mem 0xe0000000-0xefffffff] has been reserved
[    1.366672] [      T1] probe of 00:00 returned 0 after 4 usecs
[    1.366687] [      T1] system 00:01: [mem 0x1000000000000 window] could not be reserved
[    1.366688] [      T1] probe of 00:01 returned 0 after 2 usecs
[    1.366751] [      T1] system 00:03: [io  0x0280-0x028f] has been reserved
[    1.366752] [      T1] system 00:03: [io  0x0290-0x029f] has been reserved
[    1.366753] [      T1] system 00:03: [io  0x02a0-0x02af] has been reserved
[    1.366754] [      T1] system 00:03: [io  0x02b0-0x02bf] has been reserved
[    1.366755] [      T1] probe of 00:03 returned 0 after 5 usecs
[    1.366799] [      T1] system 00:04: [io  0x04d0-0x04d1] has been reserved
[    1.366800] [      T1] system 00:04: [io  0x040b] has been reserved
[    1.366801] [      T1] system 00:04: [io  0x04d6] has been reserved
[    1.366801] [      T1] system 00:04: [io  0x0c00-0x0c01] has been reserved
[    1.366802] [      T1] system 00:04: [io  0x0c14] has been reserved
[    1.366803] [      T1] system 00:04: [io  0x0c50-0x0c51] has been reserved
[    1.366804] [      T1] system 00:04: [io  0x0c52] has been reserved
[    1.366805] [      T1] system 00:04: [io  0x0c6c] has been reserved
[    1.366805] [      T1] system 00:04: [io  0x0c6f] has been reserved
[    1.366806] [      T1] system 00:04: [io  0x0cd8-0x0cdf] has been reserved
[    1.366807] [      T1] system 00:04: [io  0x0800-0x089f] has been reserved
[    1.366808] [      T1] system 00:04: [io  0x0b00-0x0b0f] has been reserved
[    1.366809] [      T1] system 00:04: [io  0x0b20-0x0b3f] has been reserved
[    1.366809] [      T1] system 00:04: [io  0x0900-0x090f] has been reserved
[    1.366810] [      T1] system 00:04: [io  0x0910-0x091f] has been reserved
[    1.366811] [      T1] system 00:04: [mem 0xfedc0000-0xfedc0fff] has been reserved
[    1.366812] [      T1] system 00:04: [mem 0xfee00000-0xfee00fff] has been reserved
[    1.366813] [      T1] system 00:04: [mem 0xfec10000-0xfec10fff] has been reserved
[    1.366814] [      T1] system 00:04: [mem 0xff000000-0xffffffff] has been reserved
[    1.366816] [      T1] probe of 00:04 returned 0 after 17 usecs
[    1.367356] [      T1] pnp: PnP ACPI: found 5 devices
[    1.367357] [      T1] initcall pnpacpi_init+0x0/0x70 returned 0 after 717 usecs
[    1.367358] [      T1] calling  chr_dev_init+0x0/0xa0 @ 1
[    1.367874] [      T1] initcall chr_dev_init+0x0/0xa0 returned 0 after 514 usecs
[    1.367875] [      T1] calling  hwrng_modinit+0x0/0x90 @ 1
[    1.367884] [      T1] initcall hwrng_modinit+0x0/0x90 returned 0 after 8 usecs
[    1.367885] [      T1] calling  firmware_class_init+0x0/0x30 @ 1
[    1.367887] [      T1] initcall firmware_class_init+0x0/0x30 returned 0 after 0 usecs
[    1.367888] [      T1] calling  init_acpi_pm_clocksource+0x0/0xd0 @ 1
[    1.372463] [      T1] clocksource: acpi_pm: mask: 0xffffff max_cycles: 0xffffff, max_idle_ns: 2085701024 ns
[    1.372465] [      T1] initcall init_acpi_pm_clocksource+0x0/0xd0 returned 0 after 4575 usecs
[    1.372466] [      T1] calling  powercap_init+0x0/0x2b0 @ 1
[    1.372473] [      T1] initcall powercap_init+0x0/0x2b0 returned 0 after 5 usecs
[    1.372474] [      T1] calling  rapl_init+0x0/0x70 @ 1
[    1.372479] [      T1] initcall rapl_init+0x0/0x70 returned 0 after 3 usecs
[    1.372480] [      T1] calling  sysctl_core_init+0x0/0x30 @ 1
[    1.372489] [      T1] initcall sysctl_core_init+0x0/0x30 returned 0 after 7 usecs
[    1.372490] [      T1] calling  eth_offload_init+0x0/0x10 @ 1
[    1.372491] [      T1] initcall eth_offload_init+0x0/0x10 returned 0 after 0 usecs
[    1.372492] [      T1] calling  ipv4_offload_init+0x0/0xc0 @ 1
[    1.372494] [      T1] initcall ipv4_offload_init+0x0/0xc0 returned 0 after 0 usecs
[    1.372495] [      T1] calling  inet_init+0x0/0x280 @ 1
[    1.372501] [      T1] NET: Registered PF_INET protocol family
[    1.372569] [      T1] IP idents hash table entries: 262144 (order: 9, 2097152 bytes, vmalloc hugepage)
[    1.373516] [      T1] tcp_listen_portaddr_hash hash table entries: 65536 (order: 8, 1048576 bytes, vmalloc)
[    1.373555] [      T1] Table-perturb hash table entries: 65536 (order: 6, 262144 bytes, vmalloc)
[    1.373560] [      T1] TCP established hash table entries: 524288 (order: 10, 4194304 bytes, vmalloc hugepage)
[    1.373703] [      T1] TCP bind hash table entries: 65536 (order: 9, 2097152 bytes, vmalloc hugepage)
[    1.373750] [      T1] TCP: Hash tables configured (established 524288 bind 65536)
[    1.373765] [      T1] UDP hash table entries: 65536 (order: 10, 4194304 bytes, vmalloc hugepage)
[    1.373878] [      T1] UDP-Lite hash table entries: 65536 (order: 10, 4194304 bytes, vmalloc hugepage)
[    1.373997] [      T1] initcall inet_init+0x0/0x280 returned 0 after 1501 usecs
[    1.373998] [      T1] calling  af_unix_init+0x0/0xb0 @ 1
[    1.374000] [      T1] NET: Registered PF_UNIX/PF_LOCAL protocol family
[    1.374003] [      T1] initcall af_unix_init+0x0/0xb0 returned 0 after 3 usecs
[    1.374004] [      T1] calling  ipv6_offload_init+0x0/0xd0 @ 1
[    1.374005] [      T1] initcall ipv6_offload_init+0x0/0xd0 returned 0 after 0 usecs
[    1.374006] [      T1] calling  pcibios_assign_resources+0x0/0x50 @ 1
[    1.374014] [      T1] pci 0000:02:00.0: PCI bridge to [bus 03]
[    1.374021] [      T1] pci 0000:02:00.0:   bridge window [io  0xf000-0xffff]
[    1.374024] [      T1] pci 0000:02:00.0:   bridge window [mem 0xf6a00000-0xf6bfffff]
[    1.374027] [      T1] pci 0000:02:00.0:   bridge window [mem 0xf000000000-0xf80fffffff 64bit pref]
[    1.374031] [      T1] pci 0000:01:00.0: PCI bridge to [bus 02-03]
[    1.374032] [      T1] pci 0000:01:00.0:   bridge window [io  0xf000-0xffff]
[    1.374035] [      T1] pci 0000:01:00.0:   bridge window [mem 0xf6a00000-0xf6bfffff]
[    1.374038] [      T1] pci 0000:01:00.0:   bridge window [mem 0xf000000000-0xf80fffffff 64bit pref]
[    1.374041] [      T1] pci 0000:00:01.1: PCI bridge to [bus 01-03]
[    1.374042] [      T1] pci 0000:00:01.1:   bridge window [io  0xf000-0xffff]
[    1.374044] [      T1] pci 0000:00:01.1:   bridge window [mem 0xf6a00000-0xf6cfffff]
[    1.374046] [      T1] pci 0000:00:01.1:   bridge window [mem 0xf000000000-0xf80fffffff 64bit pref]
[    1.374056] [      T1] pci 0000:00:01.2: PCI bridge to [bus 04]
[    1.374058] [      T1] pci 0000:00:01.2:   bridge window [mem 0xf6f00000-0xf6ffffff]
[    1.374068] [      T1] pci 0000:06:00.0: PCI bridge to [bus 07-08]
[    1.374074] [      T1] pci 0000:06:00.0:   bridge window [io  0xe000-0xefff]
[    1.374077] [      T1] pci 0000:06:00.0:   bridge window [mem 0xf6100000-0xf62fffff]
[    1.374079] [      T1] pci 0000:06:00.0:   bridge window [mem 0xf810100000-0xf8102fffff 64bit pref]
[    1.374082] [      T1] pci 0000:06:04.0: PCI bridge to [bus 09]
[    1.374088] [      T1] pci 0000:06:08.0: PCI bridge to [bus 0a]
[    1.374094] [      T1] pci 0000:06:09.0: PCI bridge to [bus 0b]
[    1.374095] [      T1] pci 0000:06:09.0:   bridge window [io  0xd000-0xdfff]
[    1.374098] [      T1] pci 0000:06:09.0:   bridge window [mem 0xf6500000-0xf65fffff]
[    1.374102] [      T1] pci 0000:06:0a.0: PCI bridge to [bus 0c]
[    1.374108] [      T1] pci 0000:06:0c.0: PCI bridge to [bus 0d]
[    1.374110] [      T1] pci 0000:06:0c.0:   bridge window [mem 0xf6400000-0xf64fffff]
[    1.374115] [      T1] pci 0000:06:0d.0: PCI bridge to [bus 0e]
[    1.374117] [      T1] pci 0000:06:0d.0:   bridge window [mem 0xf6300000-0xf63fffff]
[    1.374121] [      T1] pci 0000:05:00.0: PCI bridge to [bus 06-0e]
[    1.374123] [      T1] pci 0000:05:00.0:   bridge window [io  0xd000-0xefff]
[    1.374125] [      T1] pci 0000:05:00.0:   bridge window [mem 0xf6100000-0xf65fffff]
[    1.374127] [      T1] pci 0000:05:00.0:   bridge window [mem 0xf810100000-0xf8102fffff 64bit pref]
[    1.374130] [      T1] pci 0000:00:02.1: PCI bridge to [bus 05-0e]
[    1.374131] [      T1] pci 0000:00:02.1:   bridge window [io  0xd000-0xefff]
[    1.374133] [      T1] pci 0000:00:02.1:   bridge window [mem 0xf6100000-0xf65fffff]
[    1.374135] [      T1] pci 0000:00:02.1:   bridge window [mem 0xf810100000-0xf8102fffff 64bit pref]
[    1.374144] [      T1] pci 0000:00:02.2: PCI bridge to [bus 0f]
[    1.374146] [      T1] pci 0000:00:02.2:   bridge window [mem 0xf6e00000-0xf6efffff]
[    1.374156] [      T1] pci 0000:00:08.1: PCI bridge to [bus 10]
[    1.374162] [      T1] pci 0000:00:08.1:   bridge window [mem 0xf6600000-0xf69fffff]
[    1.374165] [      T1] pci 0000:00:08.3: PCI bridge to [bus 11]
[    1.374166] [      T1] pci 0000:00:08.3:   bridge window [mem 0xf6d00000-0xf6dfffff]
[    1.374169] [      T1] pci_bus 0000:00: resource 4 [io  0x0000-0x03af window]
[    1.374170] [      T1] pci_bus 0000:00: resource 5 [io  0x03e0-0x0cf7 window]
[    1.374171] [      T1] pci_bus 0000:00: resource 6 [io  0x03b0-0x03df window]
[    1.374172] [      T1] pci_bus 0000:00: resource 7 [io  0x0d00-0xffff window]
[    1.374173] [      T1] pci_bus 0000:00: resource 8 [mem 0x000a0000-0x000dffff window]
[    1.374174] [      T1] pci_bus 0000:00: resource 9 [mem 0xa0000000-0xf6ffffff window]
[    1.374175] [      T1] pci_bus 0000:00: resource 10 [mem 0x2060000000-0xffffffffff window]
[    1.374176] [      T1] pci_bus 0000:01: resource 0 [io  0xf000-0xffff]
[    1.374176] [      T1] pci_bus 0000:01: resource 1 [mem 0xf6a00000-0xf6cfffff]
[    1.374177] [      T1] pci_bus 0000:01: resource 2 [mem 0xf000000000-0xf80fffffff 64bit pref]
[    1.374178] [      T1] pci_bus 0000:02: resource 0 [io  0xf000-0xffff]
[    1.374179] [      T1] pci_bus 0000:02: resource 1 [mem 0xf6a00000-0xf6bfffff]
[    1.374179] [      T1] pci_bus 0000:02: resource 2 [mem 0xf000000000-0xf80fffffff 64bit pref]
[    1.374180] [      T1] pci_bus 0000:03: resource 0 [io  0xf000-0xffff]
[    1.374181] [      T1] pci_bus 0000:03: resource 1 [mem 0xf6a00000-0xf6bfffff]
[    1.374182] [      T1] pci_bus 0000:03: resource 2 [mem 0xf000000000-0xf80fffffff 64bit pref]
[    1.374183] [      T1] pci_bus 0000:04: resource 1 [mem 0xf6f00000-0xf6ffffff]
[    1.374183] [      T1] pci_bus 0000:05: resource 0 [io  0xd000-0xefff]
[    1.374184] [      T1] pci_bus 0000:05: resource 1 [mem 0xf6100000-0xf65fffff]
[    1.374185] [      T1] pci_bus 0000:05: resource 2 [mem 0xf810100000-0xf8102fffff 64bit pref]
